Archive member included to satisfy reference by file (symbol)

/scratch/haotianw/gnu/bin/../lib/gcc/riscv64-unknown-elf/8.2.0/../../../../riscv64-unknown-elf/lib/rv32imac/ilp32/libc.a(lib_a-puts.o)
                              /tmp/ccUAB68z.o (puts)
/scratch/haotianw/gnu/bin/../lib/gcc/riscv64-unknown-elf/8.2.0/../../../../riscv64-unknown-elf/lib/rv32imac/ilp32/libc.a(lib_a-strlen.o)
                              /scratch/haotianw/gnu/bin/../lib/gcc/riscv64-unknown-elf/8.2.0/../../../../riscv64-unknown-elf/lib/rv32imac/ilp32/libc.a(lib_a-puts.o) (strlen)
/scratch/haotianw/gnu/bin/../lib/gcc/riscv64-unknown-elf/8.2.0/../../../../riscv64-unknown-elf/lib/rv32imac/ilp32/libc.a(lib_a-findfp.o)
                              /scratch/haotianw/gnu/bin/../lib/gcc/riscv64-unknown-elf/8.2.0/../../../../riscv64-unknown-elf/lib/rv32imac/ilp32/libc.a(lib_a-puts.o) (__sinit)
/scratch/haotianw/gnu/bin/../lib/gcc/riscv64-unknown-elf/8.2.0/../../../../riscv64-unknown-elf/lib/rv32imac/ilp32/libc.a(lib_a-fvwrite.o)
                              /scratch/haotianw/gnu/bin/../lib/gcc/riscv64-unknown-elf/8.2.0/../../../../riscv64-unknown-elf/lib/rv32imac/ilp32/libc.a(lib_a-puts.o) (__sfvwrite_r)
/scratch/haotianw/gnu/bin/../lib/gcc/riscv64-unknown-elf/8.2.0/../../../../riscv64-unknown-elf/lib/rv32imac/ilp32/libc.a(lib_a-fwalk.o)
                              /scratch/haotianw/gnu/bin/../lib/gcc/riscv64-unknown-elf/8.2.0/../../../../riscv64-unknown-elf/lib/rv32imac/ilp32/libc.a(lib_a-findfp.o) (_fwalk)
/scratch/haotianw/gnu/bin/../lib/gcc/riscv64-unknown-elf/8.2.0/../../../../riscv64-unknown-elf/lib/rv32imac/ilp32/libc.a(lib_a-impure.o)
                              /scratch/haotianw/gnu/bin/../lib/gcc/riscv64-unknown-elf/8.2.0/../../../../riscv64-unknown-elf/lib/rv32imac/ilp32/libc.a(lib_a-findfp.o) (_global_impure_ptr)
/scratch/haotianw/gnu/bin/../lib/gcc/riscv64-unknown-elf/8.2.0/../../../../riscv64-unknown-elf/lib/rv32imac/ilp32/libc.a(lib_a-mallocr.o)
                              /scratch/haotianw/gnu/bin/../lib/gcc/riscv64-unknown-elf/8.2.0/../../../../riscv64-unknown-elf/lib/rv32imac/ilp32/libc.a(lib_a-findfp.o) (_malloc_r)
/scratch/haotianw/gnu/bin/../lib/gcc/riscv64-unknown-elf/8.2.0/../../../../riscv64-unknown-elf/lib/rv32imac/ilp32/libc.a(lib_a-memchr.o)
                              /scratch/haotianw/gnu/bin/../lib/gcc/riscv64-unknown-elf/8.2.0/../../../../riscv64-unknown-elf/lib/rv32imac/ilp32/libc.a(lib_a-fvwrite.o) (memchr)
/scratch/haotianw/gnu/bin/../lib/gcc/riscv64-unknown-elf/8.2.0/../../../../riscv64-unknown-elf/lib/rv32imac/ilp32/libc.a(lib_a-memcpy.o)
                              /scratch/haotianw/gnu/bin/../lib/gcc/riscv64-unknown-elf/8.2.0/../../../../riscv64-unknown-elf/lib/rv32imac/ilp32/libc.a(lib_a-fvwrite.o) (memcpy)
/scratch/haotianw/gnu/bin/../lib/gcc/riscv64-unknown-elf/8.2.0/../../../../riscv64-unknown-elf/lib/rv32imac/ilp32/libc.a(lib_a-memmove.o)
                              /scratch/haotianw/gnu/bin/../lib/gcc/riscv64-unknown-elf/8.2.0/../../../../riscv64-unknown-elf/lib/rv32imac/ilp32/libc.a(lib_a-fvwrite.o) (memmove)
/scratch/haotianw/gnu/bin/../lib/gcc/riscv64-unknown-elf/8.2.0/../../../../riscv64-unknown-elf/lib/rv32imac/ilp32/libc.a(lib_a-memset.o)
                              /scratch/haotianw/gnu/bin/../lib/gcc/riscv64-unknown-elf/8.2.0/../../../../riscv64-unknown-elf/lib/rv32imac/ilp32/libc.a(lib_a-findfp.o) (memset)
/scratch/haotianw/gnu/bin/../lib/gcc/riscv64-unknown-elf/8.2.0/../../../../riscv64-unknown-elf/lib/rv32imac/ilp32/libc.a(lib_a-mlock.o)
                              /scratch/haotianw/gnu/bin/../lib/gcc/riscv64-unknown-elf/8.2.0/../../../../riscv64-unknown-elf/lib/rv32imac/ilp32/libc.a(lib_a-mallocr.o) (__malloc_lock)
/scratch/haotianw/gnu/bin/../lib/gcc/riscv64-unknown-elf/8.2.0/../../../../riscv64-unknown-elf/lib/rv32imac/ilp32/libc.a(lib_a-reallocr.o)
                              /scratch/haotianw/gnu/bin/../lib/gcc/riscv64-unknown-elf/8.2.0/../../../../riscv64-unknown-elf/lib/rv32imac/ilp32/libc.a(lib_a-fvwrite.o) (_realloc_r)
/scratch/haotianw/gnu/bin/../lib/gcc/riscv64-unknown-elf/8.2.0/../../../../riscv64-unknown-elf/lib/rv32imac/ilp32/libc.a(lib_a-sbrkr.o)
                              /scratch/haotianw/gnu/bin/../lib/gcc/riscv64-unknown-elf/8.2.0/../../../../riscv64-unknown-elf/lib/rv32imac/ilp32/libc.a(lib_a-mallocr.o) (_sbrk_r)
/scratch/haotianw/gnu/bin/../lib/gcc/riscv64-unknown-elf/8.2.0/../../../../riscv64-unknown-elf/lib/rv32imac/ilp32/libc.a(lib_a-stdio.o)
                              /scratch/haotianw/gnu/bin/../lib/gcc/riscv64-unknown-elf/8.2.0/../../../../riscv64-unknown-elf/lib/rv32imac/ilp32/libc.a(lib_a-findfp.o) (__sread)
/scratch/haotianw/gnu/bin/../lib/gcc/riscv64-unknown-elf/8.2.0/../../../../riscv64-unknown-elf/lib/rv32imac/ilp32/libc.a(lib_a-writer.o)
                              /scratch/haotianw/gnu/bin/../lib/gcc/riscv64-unknown-elf/8.2.0/../../../../riscv64-unknown-elf/lib/rv32imac/ilp32/libc.a(lib_a-stdio.o) (_write_r)
[...]
Memory Configuration

Name             Origin             Length             Attributes
ram              0x0000000080000000 0x0000000000004000 axw !rl
flash            0x0000000020400000 0x000000001fc00000 axrl !w
*default*        0x0000000000000000 0xffffffffffffffff

Linker script and memory map

LOAD /tmp/ccUAB68z.o
START GROUP
LOAD /scratch/haotianw/gnu/bin/../lib/gcc/riscv64-unknown-elf/8.2.0/../../../../riscv64-unknown-elf/lib/rv32imac/ilp32/libc.a
LOAD /scratch/haotianw/gnu/bin/../lib/gcc/riscv64-unknown-elf/8.2.0/rv32imac/ilp32/libgcc.a
LOAD /scratch/haotianw/freedom-e-sdk/bsp/sifive-hifive1/install/lib/debug//libmetal.a
LOAD /scratch/haotianw/freedom-e-sdk/bsp/sifive-hifive1/install/lib/debug//libmetal-gloss.a
END GROUP
                0x0000000000000400                __stack_size = DEFINED (__stack_size)?__stack_size:0x400
                0x0000000000000400                __heap_size = DEFINED (__heap_size)?__heap_size:0x400

.init           0x0000000020400000      0x134
 *(.text.metal.init.enter)
 .text.metal.init.enter
                0x0000000020400000       0x54 /scratch/haotianw/freedom-e-sdk/bsp/sifive-hifive1/install/lib/debug//libmetal.a(libriscv__mmachine__sifive-hifive1_a-entry.o)
                0x0000000020400000                _enter
 *(SORT_NONE(.init))
 *(.text.libgloss.start)
 .text.libgloss.start
                0x0000000020400054       0xe0 /scratch/haotianw/freedom-e-sdk/bsp/sifive-hifive1/install/lib/debug//libmetal-gloss.a(crt0.o)
                0x0000000020400054                _start
                0x0000000020400132                _init
                0x0000000020400132                _fini

.text           0x0000000020400180     0x45f4
 *(.text.unlikely .text.unlikely.*)
 *(.text.startup .text.startup.*)
 *(.text .text.*)
 .text.main     0x0000000020400180       0x92 /tmp/ccUAB68z.o
                0x0000000020400180                main
 .text          0x0000000020400212       0x7e /scratch/haotianw/gnu/bin/../lib/gcc/riscv64-unknown-elf/8.2.0/../../../../riscv64-unknown-elf/lib/rv32imac/ilp32/libc.a(lib_a-puts.o)
                0x0000000020400212                _puts_r
                0x0000000020400282                puts
 .text          0x0000000020400290       0x12 /scratch/haotianw/gnu/bin/../lib/gcc/riscv64-unknown-elf/8.2.0/../../../../riscv64-unknown-elf/lib/rv32imac/ilp32/libc.a(lib_a-strlen.o)
                0x0000000020400290                strlen
 .text          0x00000000204002a2      0x1e4 /scratch/haotianw/gnu/bin/../lib/gcc/riscv64-unknown-elf/8.2.0/../../../../riscv64-unknown-elf/lib/rv32imac/ilp32/libc.a(lib_a-findfp.o)
                0x0000000020400310                _cleanup_r
                0x000000002040031e                __sfmoreglue
                0x0000000020400364                _cleanup
                0x000000002040036c                __sinit
                0x00000000204003ba                __sfp
                0x0000000020400456                __sfp_lock_acquire
                0x0000000020400458                __sfp_lock_release
                0x000000002040045a                __sinit_lock_acquire
                0x000000002040045c                __sinit_lock_release
                0x000000002040045e                __fp_lock_all
                0x0000000020400472                __fp_unlock_all
 .text          0x0000000020400486      0x2dc /scratch/haotianw/gnu/bin/../lib/gcc/riscv64-unknown-elf/8.2.0/../../../../riscv64-unknown-elf/lib/rv32imac/ilp32/libc.a(lib_a-fvwrite.o)
                0x0000000020400486                __sfvwrite_r
 .text          0x0000000020400762       0xce /scratch/haotianw/gnu/bin/../lib/gcc/riscv64-unknown-elf/8.2.0/../../../../riscv64-unknown-elf/lib/rv32imac/ilp32/libc.a(lib_a-fwalk.o)
                0x0000000020400762                _fwalk
                0x00000000204007c4                _fwalk_reent
 .text          0x0000000020400830      0x50c /scratch/haotianw/gnu/bin/../lib/gcc/riscv64-unknown-elf/8.2.0/../../../../riscv64-unknown-elf/lib/rv32imac/ilp32/libc.a(lib_a-mallocr.o)
                0x0000000020400830                _malloc_r
 .text          0x0000000020400d3c       0x1a /scratch/haotianw/gnu/bin/../lib/gcc/riscv64-unknown-elf/8.2.0/../../../../riscv64-unknown-elf/lib/rv32imac/ilp32/libc.a(lib_a-memchr.o)
                0x0000000020400d3c                memchr
 .text          0x0000000020400d56       0xb6 /scratch/haotianw/gnu/bin/../lib/gcc/riscv64-unknown-elf/8.2.0/../../../../riscv64-unknown-elf/lib/rv32imac/ilp32/libc.a(lib_a-memcpy.o)
                0x0000000020400d56                memcpy
 .text          0x0000000020400e0c       0x4a /scratch/haotianw/gnu/bin/../lib/gcc/riscv64-unknown-elf/8.2.0/../../../../riscv64-unknown-elf/lib/rv32imac/ilp32/libc.a(lib_a-memmove.o)
                0x0000000020400e0c                memmove
 .text          0x0000000020400e56       0xa8 /scratch/haotianw/gnu/bin/../lib/gcc/riscv64-unknown-elf/8.2.0/../../../../riscv64-unknown-elf/lib/rv32imac/ilp32/libc.a(lib_a-memset.o)
                0x0000000020400e56                memset
 .text          0x0000000020400efe        0x4 /scratch/haotianw/gnu/bin/../lib/gcc/riscv64-unknown-elf/8.2.0/../../../../riscv64-unknown-elf/lib/rv32imac/ilp32/libc.a(lib_a-mlock.o)
                0x0000000020400efe                __malloc_lock
                0x0000000020400f00                __malloc_unlock
 .text          0x0000000020400f02      0x38a /scratch/haotianw/gnu/bin/../lib/gcc/riscv64-unknown-elf/8.2.0/../../../../riscv64-unknown-elf/lib/rv32imac/ilp32/libc.a(lib_a-reallocr.o)
                0x0000000020400f02                _realloc_r
 .text          0x000000002040128c       0x32 /scratch/haotianw/gnu/bin/../lib/gcc/riscv64-unknown-elf/8.2.0/../../../../riscv64-unknown-elf/lib/rv32imac/ilp32/libc.a(lib_a-sbrkr.o)
                0x000000002040128c                _sbrk_r
 .text          0x00000000204012be       0xc0 /scratch/haotianw/gnu/bin/../lib/gcc/riscv64-unknown-elf/8.2.0/../../../../riscv64-unknown-elf/lib/rv32imac/ilp32/libc.a(lib_a-stdio.o)
                0x00000000204012be                __sread
                0x00000000204012f0                __seofread
                0x00000000204012f4                __swrite
                0x0000000020401342                __sseek
                0x0000000020401378                __sclose
 .text          0x000000002040137e       0x36 /scratch/haotianw/gnu/bin/../lib/gcc/riscv64-unknown-elf/8.2.0/../../../../riscv64-unknown-elf/lib/rv32imac/ilp32/libc.a(lib_a-writer.o)
                0x000000002040137e                _write_r
 .text          0x00000000204013b4       0xdc /scratch/haotianw/gnu/bin/../lib/gcc/riscv64-unknown-elf/8.2.0/../../../../riscv64-unknown-elf/lib/rv32imac/ilp32/libc.a(lib_a-wsetup.o)
                0x00000000204013b4                __swsetup_r
 .text          0x0000000020401490       0x32 /scratch/haotianw/gnu/bin/../lib/gcc/riscv64-unknown-elf/8.2.0/../../../../riscv64-unknown-elf/lib/rv32imac/ilp32/libc.a(lib_a-closer.o)
                0x0000000020401490                _close_r
 .text          0x00000000204014c2       0x94 /scratch/haotianw/gnu/bin/../lib/gcc/riscv64-unknown-elf/8.2.0/../../../../riscv64-unknown-elf/lib/rv32imac/ilp32/libc.a(lib_a-fclose.o)
                0x00000000204014c2                _fclose_r
                0x0000000020401548                fclose
 .text          0x0000000020401556      0x1ac /scratch/haotianw/gnu/bin/../lib/gcc/riscv64-unknown-elf/8.2.0/../../../../riscv64-unknown-elf/lib/rv32imac/ilp32/libc.a(lib_a-fflush.o)
                0x0000000020401556                __sflush_r
                0x00000000204016b0                _fflush_r
                0x00000000204016e0                fflush
 .text          0x0000000020401702      0x29a /scratch/haotianw/gnu/bin/../lib/gcc/riscv64-unknown-elf/8.2.0/../../../../riscv64-unknown-elf/lib/rv32imac/ilp32/libc.a(lib_a-freer.o)
                0x0000000020401702                _malloc_trim_r
                0x00000000204017cc                _free_r
 .text          0x000000002040199c       0x36 /scratch/haotianw/gnu/bin/../lib/gcc/riscv64-unknown-elf/8.2.0/../../../../riscv64-unknown-elf/lib/rv32imac/ilp32/libc.a(lib_a-lseekr.o)
                0x000000002040199c                _lseek_r
 .text          0x00000000204019d2      0x102 /scratch/haotianw/gnu/bin/../lib/gcc/riscv64-unknown-elf/8.2.0/../../../../riscv64-unknown-elf/lib/rv32imac/ilp32/libc.a(lib_a-makebuf.o)
                0x00000000204019d2                __swhatbuf_r
                0x0000000020401a36                __smakebuf_r
 .text          0x0000000020401ad4       0x36 /scratch/haotianw/gnu/bin/../lib/gcc/riscv64-unknown-elf/8.2.0/../../../../riscv64-unknown-elf/lib/rv32imac/ilp32/libc.a(lib_a-readr.o)
                0x0000000020401ad4                _read_r
 .text          0x0000000020401b0a       0x34 /scratch/haotianw/gnu/bin/../lib/gcc/riscv64-unknown-elf/8.2.0/../../../../riscv64-unknown-elf/lib/rv32imac/ilp32/libc.a(lib_a-fstatr.o)
                0x0000000020401b0a                _fstat_r
 .text          0x0000000020401b3e       0x32 /scratch/haotianw/gnu/bin/../lib/gcc/riscv64-unknown-elf/8.2.0/../../../../riscv64-unknown-elf/lib/rv32imac/ilp32/libc.a(lib_a-isattyr.o)
                0x0000000020401b3e                _isatty_r
 .text.metal.init.trapvec
                0x0000000020401b70        0x2 /scratch/haotianw/freedom-e-sdk/bsp/sifive-hifive1/install/lib/debug//libmetal.a(libriscv__mmachine__sifive-hifive1_a-entry.o)
 .text.metal_spi_init
                0x0000000020401b72       0x2c /scratch/haotianw/freedom-e-sdk/bsp/sifive-hifive1/install/lib/debug//libmetal.a(libriscv__mmachine__sifive-hifive1_a-spi.o)
                0x0000000020401b72                metal_spi_init
 .text.metal_spi_set_baud_rate
                0x0000000020401b9e       0x2e /scratch/haotianw/freedom-e-sdk/bsp/sifive-hifive1/install/lib/debug//libmetal.a(libriscv__mmachine__sifive-hifive1_a-spi.o)
                0x0000000020401b9e                metal_spi_set_baud_rate
 .text.metal_spi_get_device
                0x0000000020401bcc       0x2c /scratch/haotianw/freedom-e-sdk/bsp/sifive-hifive1/install/lib/debug//libmetal.a(libriscv__mmachine__sifive-hifive1_a-spi.o)
                0x0000000020401bcc                metal_spi_get_device
 .text.__metal_driver_fixed_clock_get_rate_hz
                0x0000000020401bf8       0x20 /scratch/haotianw/freedom-e-sdk/bsp/sifive-hifive1/install/lib/debug//libmetal.a(libriscv__mmachine__sifive-hifive1_a-fixed-clock.o)
                0x0000000020401bf8                __metal_driver_fixed_clock_get_rate_hz
 .text.__metal_driver_fixed_clock_set_rate_hz
                0x0000000020401c18       0x22 /scratch/haotianw/freedom-e-sdk/bsp/sifive-hifive1/install/lib/debug//libmetal.a(libriscv__mmachine__sifive-hifive1_a-fixed-clock.o)
                0x0000000020401c18                __metal_driver_fixed_clock_set_rate_hz
 .text.__metal_clint0_mtime_get
                0x0000000020401c3a       0x76 /scratch/haotianw/freedom-e-sdk/bsp/sifive-hifive1/install/lib/debug//libmetal.a(libriscv__mmachine__sifive-hifive1_a-riscv,clint0.o)
                0x0000000020401c3a                __metal_clint0_mtime_get
 .text.__metal_clint0_mtime_set
                0x0000000020401cb0       0x58 /scratch/haotianw/freedom-e-sdk/bsp/sifive-hifive1/install/lib/debug//libmetal.a(libriscv__mmachine__sifive-hifive1_a-riscv,clint0.o)
                0x0000000020401cb0                __metal_clint0_mtime_set
 .text.__metal_driver_riscv_clint0_init
                0x0000000020401d08       0x7e /scratch/haotianw/freedom-e-sdk/bsp/sifive-hifive1/install/lib/debug//libmetal.a(libriscv__mmachine__sifive-hifive1_a-riscv,clint0.o)
                0x0000000020401d08                __metal_driver_riscv_clint0_init
 .text.__metal_driver_riscv_clint0_register
                0x0000000020401d86       0x62 /scratch/haotianw/freedom-e-sdk/bsp/sifive-hifive1/install/lib/debug//libmetal.a(libriscv__mmachine__sifive-hifive1_a-riscv,clint0.o)
                0x0000000020401d86                __metal_driver_riscv_clint0_register
 .text.__metal_driver_riscv_clint0_enable
                0x0000000020401de8       0x56 /scratch/haotianw/freedom-e-sdk/bsp/sifive-hifive1/install/lib/debug//libmetal.a(libriscv__mmachine__sifive-hifive1_a-riscv,clint0.o)
                0x0000000020401de8                __metal_driver_riscv_clint0_enable
 .text.__metal_driver_riscv_clint0_disable
                0x0000000020401e3e       0x56 /scratch/haotianw/freedom-e-sdk/bsp/sifive-hifive1/install/lib/debug//libmetal.a(libriscv__mmachine__sifive-hifive1_a-riscv,clint0.o)
                0x0000000020401e3e                __metal_driver_riscv_clint0_disable
 .text.__metal_driver_riscv_clint0_command_request
                0x0000000020401e94      0x122 /scratch/haotianw/freedom-e-sdk/bsp/sifive-hifive1/install/lib/debug//libmetal.a(libriscv__mmachine__sifive-hifive1_a-riscv,clint0.o)
                0x0000000020401e94                __metal_driver_riscv_clint0_command_request
 .text.__metal_driver_cpu_get
                0x0000000020401fb6       0x2c /scratch/haotianw/freedom-e-sdk/bsp/sifive-hifive1/install/lib/debug//libmetal.a(libriscv__mmachine__sifive-hifive1_a-riscv,cpu.o)
                0x0000000020401fb6                __metal_driver_cpu_get
 .text.__metal_myhart_id
                0x0000000020401fe2       0x1a /scratch/haotianw/freedom-e-sdk/bsp/sifive-hifive1/install/lib/debug//libmetal.a(libriscv__mmachine__sifive-hifive1_a-riscv,cpu.o)
                0x0000000020401fe2                __metal_myhart_id
 .text.__metal_interrupt_global_enable
                0x0000000020401ffc       0x18 /scratch/haotianw/freedom-e-sdk/bsp/sifive-hifive1/install/lib/debug//libmetal.a(libriscv__mmachine__sifive-hifive1_a-riscv,cpu.o)
                0x0000000020401ffc                __metal_interrupt_global_enable
 .text.__metal_interrupt_global_disable
                0x0000000020402014       0x18 /scratch/haotianw/freedom-e-sdk/bsp/sifive-hifive1/install/lib/debug//libmetal.a(libriscv__mmachine__sifive-hifive1_a-riscv,cpu.o)
                0x0000000020402014                __metal_interrupt_global_disable
 .text.__metal_interrupt_software_enable
                0x000000002040202c       0x18 /scratch/haotianw/freedom-e-sdk/bsp/sifive-hifive1/install/lib/debug//libmetal.a(libriscv__mmachine__sifive-hifive1_a-riscv,cpu.o)
                0x000000002040202c                __metal_interrupt_software_enable
 .text.__metal_interrupt_software_disable
                0x0000000020402044       0x18 /scratch/haotianw/freedom-e-sdk/bsp/sifive-hifive1/install/lib/debug//libmetal.a(libriscv__mmachine__sifive-hifive1_a-riscv,cpu.o)
                0x0000000020402044                __metal_interrupt_software_disable
 .text.__metal_interrupt_timer_enable
                0x000000002040205c       0x1a /scratch/haotianw/freedom-e-sdk/bsp/sifive-hifive1/install/lib/debug//libmetal.a(libriscv__mmachine__sifive-hifive1_a-riscv,cpu.o)
                0x000000002040205c                __metal_interrupt_timer_enable
 .text.__metal_interrupt_timer_disable
                0x0000000020402076       0x1a /scratch/haotianw/freedom-e-sdk/bsp/sifive-hifive1/install/lib/debug//libmetal.a(libriscv__mmachine__sifive-hifive1_a-riscv,cpu.o)
                0x0000000020402076                __metal_interrupt_timer_disable
 .text.__metal_interrupt_external_enable
                0x0000000020402090       0x1c /scratch/haotianw/freedom-e-sdk/bsp/sifive-hifive1/install/lib/debug//libmetal.a(libriscv__mmachine__sifive-hifive1_a-riscv,cpu.o)
                0x0000000020402090                __metal_interrupt_external_enable
 .text.__metal_interrupt_external_disable
                0x00000000204020ac       0x1c /scratch/haotianw/freedom-e-sdk/bsp/sifive-hifive1/install/lib/debug//libmetal.a(libriscv__mmachine__sifive-hifive1_a-riscv,cpu.o)
                0x00000000204020ac                __metal_interrupt_external_disable
 .text.__metal_interrupt_local_enable
                0x00000000204020c8       0x2c /scratch/haotianw/freedom-e-sdk/bsp/sifive-hifive1/install/lib/debug//libmetal.a(libriscv__mmachine__sifive-hifive1_a-riscv,cpu.o)
                0x00000000204020c8                __metal_interrupt_local_enable
 .text.__metal_interrupt_local_disable
                0x00000000204020f4       0x2c /scratch/haotianw/freedom-e-sdk/bsp/sifive-hifive1/install/lib/debug//libmetal.a(libriscv__mmachine__sifive-hifive1_a-riscv,cpu.o)
                0x00000000204020f4                __metal_interrupt_local_disable
 .text.__metal_default_exception_handler
                0x0000000020402120       0x18 /scratch/haotianw/freedom-e-sdk/bsp/sifive-hifive1/install/lib/debug//libmetal.a(libriscv__mmachine__sifive-hifive1_a-riscv,cpu.o)
                0x0000000020402120                __metal_default_exception_handler
 .text.__metal_default_interrupt_handler
                0x0000000020402138       0x18 /scratch/haotianw/freedom-e-sdk/bsp/sifive-hifive1/install/lib/debug//libmetal.a(libriscv__mmachine__sifive-hifive1_a-riscv,cpu.o)
                0x0000000020402138                __metal_default_interrupt_handler
 .text.__metal_default_sw_handler
                0x0000000020402150       0x64 /scratch/haotianw/freedom-e-sdk/bsp/sifive-hifive1/install/lib/debug//libmetal.a(libriscv__mmachine__sifive-hifive1_a-riscv,cpu.o)
                0x0000000020402150                __metal_default_sw_handler
 .text.__metal_default_timer_handler
                0x00000000204021b4       0x66 /scratch/haotianw/freedom-e-sdk/bsp/sifive-hifive1/install/lib/debug//libmetal.a(libriscv__mmachine__sifive-hifive1_a-riscv,cpu.o)
                0x00000000204021b4                __metal_default_timer_handler
 *fill*         0x000000002040221a       0x66 
 .text.__metal_exception_handler
                0x0000000020402280      0x178 /scratch/haotianw/freedom-e-sdk/bsp/sifive-hifive1/install/lib/debug//libmetal.a(libriscv__mmachine__sifive-hifive1_a-riscv,cpu.o)
                0x0000000020402280                __metal_exception_handler
 .text.__metal_controller_interrupt_vector
                0x00000000204023f8       0xa6 /scratch/haotianw/freedom-e-sdk/bsp/sifive-hifive1/install/lib/debug//libmetal.a(libriscv__mmachine__sifive-hifive1_a-riscv,cpu.o)
                0x00000000204023f8                __metal_controller_interrupt_vector
 .text.__metal_valid_interrupt_id
                0x000000002040249e       0x38 /scratch/haotianw/freedom-e-sdk/bsp/sifive-hifive1/install/lib/debug//libmetal.a(libriscv__mmachine__sifive-hifive1_a-riscv,cpu.o)
                0x000000002040249e                __metal_valid_interrupt_id
 .text.__metal_local_interrupt_enable
                0x00000000204024d6       0xa2 /scratch/haotianw/freedom-e-sdk/bsp/sifive-hifive1/install/lib/debug//libmetal.a(libriscv__mmachine__sifive-hifive1_a-riscv,cpu.o)
                0x00000000204024d6                __metal_local_interrupt_enable
 .text.__metal_exception_register
                0x0000000020402578       0x4e /scratch/haotianw/freedom-e-sdk/bsp/sifive-hifive1/install/lib/debug//libmetal.a(libriscv__mmachine__sifive-hifive1_a-riscv,cpu.o)
                0x0000000020402578                __metal_exception_register
 .text.__metal_driver_riscv_cpu_controller_interrupt_init
                0x00000000204025c6       0xf4 /scratch/haotianw/freedom-e-sdk/bsp/sifive-hifive1/install/lib/debug//libmetal.a(libriscv__mmachine__sifive-hifive1_a-riscv,cpu.o)
                0x00000000204025c6                __metal_driver_riscv_cpu_controller_interrupt_init
 .text.__metal_driver_riscv_cpu_controller_interrupt_register
                0x00000000204026ba      0x148 /scratch/haotianw/freedom-e-sdk/bsp/sifive-hifive1/install/lib/debug//libmetal.a(libriscv__mmachine__sifive-hifive1_a-riscv,cpu.o)
                0x00000000204026ba                __metal_driver_riscv_cpu_controller_interrupt_register
 .text.__metal_driver_riscv_cpu_controller_interrupt_enable
                0x0000000020402802       0x2a /scratch/haotianw/freedom-e-sdk/bsp/sifive-hifive1/install/lib/debug//libmetal.a(libriscv__mmachine__sifive-hifive1_a-riscv,cpu.o)
                0x0000000020402802                __metal_driver_riscv_cpu_controller_interrupt_enable
 .text.__metal_driver_riscv_cpu_controller_interrupt_disable
                0x000000002040282c       0x2a /scratch/haotianw/freedom-e-sdk/bsp/sifive-hifive1/install/lib/debug//libmetal.a(libriscv__mmachine__sifive-hifive1_a-riscv,cpu.o)
                0x000000002040282c                __metal_driver_riscv_cpu_controller_interrupt_disable
 .text.__metal_driver_riscv_cpu_controller_interrupt_enable_vector
                0x0000000020402856       0x62 /scratch/haotianw/freedom-e-sdk/bsp/sifive-hifive1/install/lib/debug//libmetal.a(libriscv__mmachine__sifive-hifive1_a-riscv,cpu.o)
                0x0000000020402856                __metal_driver_riscv_cpu_controller_interrupt_enable_vector
 .text.__metal_driver_riscv_cpu_controller_interrupt_disable_vector
                0x00000000204028b8       0x3a /scratch/haotianw/freedom-e-sdk/bsp/sifive-hifive1/install/lib/debug//libmetal.a(libriscv__mmachine__sifive-hifive1_a-riscv,cpu.o)
                0x00000000204028b8                __metal_driver_riscv_cpu_controller_interrupt_disable_vector
 .text.__metal_driver_riscv_cpu_controller_command_request
                0x00000000204028f2       0x1c /scratch/haotianw/freedom-e-sdk/bsp/sifive-hifive1/install/lib/debug//libmetal.a(libriscv__mmachine__sifive-hifive1_a-riscv,cpu.o)
                0x00000000204028f2                __metal_driver_riscv_cpu_controller_command_request
 .text.__metal_driver_cpu_timer_get
                0x000000002040290e       0x72 /scratch/haotianw/freedom-e-sdk/bsp/sifive-hifive1/install/lib/debug//libmetal.a(libriscv__mmachine__sifive-hifive1_a-riscv,cpu.o)
                0x000000002040290e                __metal_driver_cpu_timer_get
 .text.__metal_driver_cpu_timebase_get
                0x0000000020402980       0x34 /scratch/haotianw/freedom-e-sdk/bsp/sifive-hifive1/install/lib/debug//libmetal.a(libriscv__mmachine__sifive-hifive1_a-riscv,cpu.o)
                0x0000000020402980                __metal_driver_cpu_timebase_get
 .text.__metal_driver_cpu_mtime_get
                0x00000000204029b4       0x6e /scratch/haotianw/freedom-e-sdk/bsp/sifive-hifive1/install/lib/debug//libmetal.a(libriscv__mmachine__sifive-hifive1_a-riscv,cpu.o)
                0x00000000204029b4                __metal_driver_cpu_mtime_get
 .text.__metal_driver_cpu_mtimecmp_set
                0x0000000020402a22       0x6e /scratch/haotianw/freedom-e-sdk/bsp/sifive-hifive1/install/lib/debug//libmetal.a(libriscv__mmachine__sifive-hifive1_a-riscv,cpu.o)
                0x0000000020402a22                __metal_driver_cpu_mtimecmp_set
 .text.__metal_driver_cpu_timer_controller_interrupt
                0x0000000020402a90       0x1a /scratch/haotianw/freedom-e-sdk/bsp/sifive-hifive1/install/lib/debug//libmetal.a(libriscv__mmachine__sifive-hifive1_a-riscv,cpu.o)
                0x0000000020402a90                __metal_driver_cpu_timer_controller_interrupt
 .text.__metal_driver_cpu_get_timer_interrupt_id
                0x0000000020402aaa       0x14 /scratch/haotianw/freedom-e-sdk/bsp/sifive-hifive1/install/lib/debug//libmetal.a(libriscv__mmachine__sifive-hifive1_a-riscv,cpu.o)
                0x0000000020402aaa                __metal_driver_cpu_get_timer_interrupt_id
 .text.__metal_driver_cpu_sw_controller_interrupt
                0x0000000020402abe       0x1a /scratch/haotianw/freedom-e-sdk/bsp/sifive-hifive1/install/lib/debug//libmetal.a(libriscv__mmachine__sifive-hifive1_a-riscv,cpu.o)
                0x0000000020402abe                __metal_driver_cpu_sw_controller_interrupt
 .text.__metal_driver_cpu_get_sw_interrupt_id
                0x0000000020402ad8       0x14 /scratch/haotianw/freedom-e-sdk/bsp/sifive-hifive1/install/lib/debug//libmetal.a(libriscv__mmachine__sifive-hifive1_a-riscv,cpu.o)
                0x0000000020402ad8                __metal_driver_cpu_get_sw_interrupt_id
 .text.__metal_driver_cpu_set_sw_ipi
                0x0000000020402aec       0x6a /scratch/haotianw/freedom-e-sdk/bsp/sifive-hifive1/install/lib/debug//libmetal.a(libriscv__mmachine__sifive-hifive1_a-riscv,cpu.o)
                0x0000000020402aec                __metal_driver_cpu_set_sw_ipi
 .text.__metal_driver_cpu_clear_sw_ipi
                0x0000000020402b56       0x6a /scratch/haotianw/freedom-e-sdk/bsp/sifive-hifive1/install/lib/debug//libmetal.a(libriscv__mmachine__sifive-hifive1_a-riscv,cpu.o)
                0x0000000020402b56                __metal_driver_cpu_clear_sw_ipi
 .text.__metal_driver_cpu_get_msip
                0x0000000020402bc0       0x68 /scratch/haotianw/freedom-e-sdk/bsp/sifive-hifive1/install/lib/debug//libmetal.a(libriscv__mmachine__sifive-hifive1_a-riscv,cpu.o)
                0x0000000020402bc0                __metal_driver_cpu_get_msip
 .text.__metal_driver_cpu_controller_interrupt
                0x0000000020402c28       0x20 /scratch/haotianw/freedom-e-sdk/bsp/sifive-hifive1/install/lib/debug//libmetal.a(libriscv__mmachine__sifive-hifive1_a-riscv,cpu.o)
                0x0000000020402c28                __metal_driver_cpu_controller_interrupt
 .text.__metal_driver_cpu_exception_register
                0x0000000020402c48       0x48 /scratch/haotianw/freedom-e-sdk/bsp/sifive-hifive1/install/lib/debug//libmetal.a(libriscv__mmachine__sifive-hifive1_a-riscv,cpu.o)
                0x0000000020402c48                __metal_driver_cpu_exception_register
 .text.__metal_driver_cpu_get_instruction_length
                0x0000000020402c90       0x28 /scratch/haotianw/freedom-e-sdk/bsp/sifive-hifive1/install/lib/debug//libmetal.a(libriscv__mmachine__sifive-hifive1_a-riscv,cpu.o)
                0x0000000020402c90                __metal_driver_cpu_get_instruction_length
 .text.__metal_driver_cpu_get_exception_pc
                0x0000000020402cb8       0x1e /scratch/haotianw/freedom-e-sdk/bsp/sifive-hifive1/install/lib/debug//libmetal.a(libriscv__mmachine__sifive-hifive1_a-riscv,cpu.o)
                0x0000000020402cb8                __metal_driver_cpu_get_exception_pc
 .text.__metal_driver_cpu_set_exception_pc
                0x0000000020402cd6       0x20 /scratch/haotianw/freedom-e-sdk/bsp/sifive-hifive1/install/lib/debug//libmetal.a(libriscv__mmachine__sifive-hifive1_a-riscv,cpu.o)
                0x0000000020402cd6                __metal_driver_cpu_set_exception_pc
 .text.__metal_plic0_claim_interrupt
                0x0000000020402cf6       0x22 /scratch/haotianw/freedom-e-sdk/bsp/sifive-hifive1/install/lib/debug//libmetal.a(libriscv__mmachine__sifive-hifive1_a-riscv,plic0.o)
                0x0000000020402cf6                __metal_plic0_claim_interrupt
 .text.__metal_plic0_complete_interrupt
                0x0000000020402d18       0x2c /scratch/haotianw/freedom-e-sdk/bsp/sifive-hifive1/install/lib/debug//libmetal.a(libriscv__mmachine__sifive-hifive1_a-riscv,plic0.o)
                0x0000000020402d18                __metal_plic0_complete_interrupt
 .text.__metal_plic0_set_threshold
                0x0000000020402d44       0x2a /scratch/haotianw/freedom-e-sdk/bsp/sifive-hifive1/install/lib/debug//libmetal.a(libriscv__mmachine__sifive-hifive1_a-riscv,plic0.o)
                0x0000000020402d44                __metal_plic0_set_threshold
 .text.__metal_plic0_set_priority
                0x0000000020402d6e       0x48 /scratch/haotianw/freedom-e-sdk/bsp/sifive-hifive1/install/lib/debug//libmetal.a(libriscv__mmachine__sifive-hifive1_a-riscv,plic0.o)
                0x0000000020402d6e                __metal_plic0_set_priority
 .text.__metal_plic0_enable
                0x0000000020402db6       0x8a /scratch/haotianw/freedom-e-sdk/bsp/sifive-hifive1/install/lib/debug//libmetal.a(libriscv__mmachine__sifive-hifive1_a-riscv,plic0.o)
                0x0000000020402db6                __metal_plic0_enable
 .text.__metal_plic0_default_handler
                0x0000000020402e40       0x18 /scratch/haotianw/freedom-e-sdk/bsp/sifive-hifive1/install/lib/debug//libmetal.a(libriscv__mmachine__sifive-hifive1_a-riscv,plic0.o)
                0x0000000020402e40                __metal_plic0_default_handler
 .text.__metal_plic0_handler
                0x0000000020402e58       0x8a /scratch/haotianw/freedom-e-sdk/bsp/sifive-hifive1/install/lib/debug//libmetal.a(libriscv__mmachine__sifive-hifive1_a-riscv,plic0.o)
                0x0000000020402e58                __metal_plic0_handler
 .text.__metal_driver_riscv_plic0_init
                0x0000000020402ee2      0x11a /scratch/haotianw/freedom-e-sdk/bsp/sifive-hifive1/install/lib/debug//libmetal.a(libriscv__mmachine__sifive-hifive1_a-riscv,plic0.o)
                0x0000000020402ee2                __metal_driver_riscv_plic0_init
 .text.__metal_driver_riscv_plic0_register
                0x0000000020402ffc       0xbe /scratch/haotianw/freedom-e-sdk/bsp/sifive-hifive1/install/lib/debug//libmetal.a(libriscv__mmachine__sifive-hifive1_a-riscv,plic0.o)
                0x0000000020402ffc                __metal_driver_riscv_plic0_register
 .text.__metal_driver_riscv_plic0_enable
                0x00000000204030ba       0x42 /scratch/haotianw/freedom-e-sdk/bsp/sifive-hifive1/install/lib/debug//libmetal.a(libriscv__mmachine__sifive-hifive1_a-riscv,plic0.o)
                0x00000000204030ba                __metal_driver_riscv_plic0_enable
 .text.__metal_driver_riscv_plic0_disable
                0x00000000204030fc       0x42 /scratch/haotianw/freedom-e-sdk/bsp/sifive-hifive1/install/lib/debug//libmetal.a(libriscv__mmachine__sifive-hifive1_a-riscv,plic0.o)
                0x00000000204030fc                __metal_driver_riscv_plic0_disable
 .text.__metal_driver_sifive_fe310_g000_hfrosc_get_rate_hz
                0x000000002040313e       0x5c /scratch/haotianw/freedom-e-sdk/bsp/sifive-hifive1/install/lib/debug//libmetal.a(libriscv__mmachine__sifive-hifive1_a-sifive,fe310-g000,hfrosc.o)
                0x000000002040313e                __metal_driver_sifive_fe310_g000_hfrosc_get_rate_hz
 .text.__metal_driver_sifive_fe310_g000_hfrosc_set_rate_hz
                0x000000002040319a       0x22 /scratch/haotianw/freedom-e-sdk/bsp/sifive-hifive1/install/lib/debug//libmetal.a(libriscv__mmachine__sifive-hifive1_a-sifive,fe310-g000,hfrosc.o)
                0x000000002040319a                __metal_driver_sifive_fe310_g000_hfrosc_set_rate_hz
 .text.__metal_driver_sifive_fe310_g000_hfxosc_get_rate_hz
                0x00000000204031bc       0x4c /scratch/haotianw/freedom-e-sdk/bsp/sifive-hifive1/install/lib/debug//libmetal.a(libriscv__mmachine__sifive-hifive1_a-sifive,fe310-g000,hfxosc.o)
                0x00000000204031bc                __metal_driver_sifive_fe310_g000_hfxosc_get_rate_hz
 .text.__metal_driver_sifive_fe310_g000_hfxosc_set_rate_hz
                0x0000000020403208       0x22 /scratch/haotianw/freedom-e-sdk/bsp/sifive-hifive1/install/lib/debug//libmetal.a(libriscv__mmachine__sifive-hifive1_a-sifive,fe310-g000,hfxosc.o)
                0x0000000020403208                __metal_driver_sifive_fe310_g000_hfxosc_set_rate_hz
 .text.get_pll_config_freq
                0x000000002040322a       0x4e /scratch/haotianw/freedom-e-sdk/bsp/sifive-hifive1/install/lib/debug//libmetal.a(libriscv__mmachine__sifive-hifive1_a-sifive,fe310-g000,pll.o)
 .text.metal_sifive_fe310_g000_pll_init
                0x0000000020403278       0x28 /scratch/haotianw/freedom-e-sdk/bsp/sifive-hifive1/install/lib/debug//libmetal.a(libriscv__mmachine__sifive-hifive1_a-sifive,fe310-g000,pll.o)
 .text.__metal_driver_sifive_fe310_g000_pll_init
                0x00000000204032a0       0xaa /scratch/haotianw/freedom-e-sdk/bsp/sifive-hifive1/install/lib/debug//libmetal.a(libriscv__mmachine__sifive-hifive1_a-sifive,fe310-g000,pll.o)
                0x00000000204032a0                __metal_driver_sifive_fe310_g000_pll_init
 .text.__metal_driver_sifive_fe310_g000_pll_get_rate_hz
                0x000000002040334a      0x156 /scratch/haotianw/freedom-e-sdk/bsp/sifive-hifive1/install/lib/debug//libmetal.a(libriscv__mmachine__sifive-hifive1_a-sifive,fe310-g000,pll.o)
                0x000000002040334a                __metal_driver_sifive_fe310_g000_pll_get_rate_hz
 .text.find_closest_config
                0x00000000204034a0       0xa8 /scratch/haotianw/freedom-e-sdk/bsp/sifive-hifive1/install/lib/debug//libmetal.a(libriscv__mmachine__sifive-hifive1_a-sifive,fe310-g000,pll.o)
 .text.configure_pll
                0x0000000020403548      0x132 /scratch/haotianw/freedom-e-sdk/bsp/sifive-hifive1/install/lib/debug//libmetal.a(libriscv__mmachine__sifive-hifive1_a-sifive,fe310-g000,pll.o)
 .text.__metal_driver_sifive_fe310_g000_pll_set_rate_hz
                0x000000002040367a      0x140 /scratch/haotianw/freedom-e-sdk/bsp/sifive-hifive1/install/lib/debug//libmetal.a(libriscv__mmachine__sifive-hifive1_a-sifive,fe310-g000,pll.o)
                0x000000002040367a                __metal_driver_sifive_fe310_g000_pll_set_rate_hz
 .text.use_hfxosc
                0x00000000204037ba       0x2a /scratch/haotianw/freedom-e-sdk/bsp/sifive-hifive1/install/lib/debug//libmetal.a(libriscv__mmachine__sifive-hifive1_a-sifive,fe310-g000,pll.o)
 .text.__metal_driver_sifive_fe310_g000_prci_get_reg
                0x00000000204037e4       0x24 /scratch/haotianw/freedom-e-sdk/bsp/sifive-hifive1/install/lib/debug//libmetal.a(libriscv__mmachine__sifive-hifive1_a-sifive,fe310-g000,prci.o)
                0x00000000204037e4                __metal_driver_sifive_fe310_g000_prci_get_reg
 .text.__metal_driver_sifive_fe310_g000_prci_set_reg
                0x0000000020403808       0x2e /scratch/haotianw/freedom-e-sdk/bsp/sifive-hifive1/install/lib/debug//libmetal.a(libriscv__mmachine__sifive-hifive1_a-sifive,fe310-g000,prci.o)
                0x0000000020403808                __metal_driver_sifive_fe310_g000_prci_set_reg
 .text.__metal_driver_sifive_gpio0_disable_input
                0x0000000020403836       0x40 /scratch/haotianw/freedom-e-sdk/bsp/sifive-hifive1/install/lib/debug//libmetal.a(libriscv__mmachine__sifive-hifive1_a-sifive,gpio0.o)
                0x0000000020403836                __metal_driver_sifive_gpio0_disable_input
 .text.__metal_driver_sifive_gpio0_output
                0x0000000020403876       0x24 /scratch/haotianw/freedom-e-sdk/bsp/sifive-hifive1/install/lib/debug//libmetal.a(libriscv__mmachine__sifive-hifive1_a-sifive,gpio0.o)
                0x0000000020403876                __metal_driver_sifive_gpio0_output
 .text.__metal_driver_sifive_gpio0_enable_output
                0x000000002040389a       0x3a /scratch/haotianw/freedom-e-sdk/bsp/sifive-hifive1/install/lib/debug//libmetal.a(libriscv__mmachine__sifive-hifive1_a-sifive,gpio0.o)
                0x000000002040389a                __metal_driver_sifive_gpio0_enable_output
 .text.__metal_driver_sifive_gpio0_output_set
                0x00000000204038d4       0x3a /scratch/haotianw/freedom-e-sdk/bsp/sifive-hifive1/install/lib/debug//libmetal.a(libriscv__mmachine__sifive-hifive1_a-sifive,gpio0.o)
                0x00000000204038d4                __metal_driver_sifive_gpio0_output_set
 .text.__metal_driver_sifive_gpio0_output_clear
                0x000000002040390e       0x40 /scratch/haotianw/freedom-e-sdk/bsp/sifive-hifive1/install/lib/debug//libmetal.a(libriscv__mmachine__sifive-hifive1_a-sifive,gpio0.o)
                0x000000002040390e                __metal_driver_sifive_gpio0_output_clear
 .text.__metal_driver_sifive_gpio0_output_toggle
                0x000000002040394e       0x3a /scratch/haotianw/freedom-e-sdk/bsp/sifive-hifive1/install/lib/debug//libmetal.a(libriscv__mmachine__sifive-hifive1_a-sifive,gpio0.o)
                0x000000002040394e                __metal_driver_sifive_gpio0_output_toggle
 .text.__metal_driver_sifive_gpio0_enable_io
                0x0000000020403988       0x66 /scratch/haotianw/freedom-e-sdk/bsp/sifive-hifive1/install/lib/debug//libmetal.a(libriscv__mmachine__sifive-hifive1_a-sifive,gpio0.o)
                0x0000000020403988                __metal_driver_sifive_gpio0_enable_io
 .text.configure_spi
                0x00000000204039ee      0x224 /scratch/haotianw/freedom-e-sdk/bsp/sifive-hifive1/install/lib/debug//libmetal.a(libriscv__mmachine__sifive-hifive1_a-sifive,spi0.o)
 .text.__metal_driver_sifive_spi0_transfer
                0x0000000020403c12      0x110 /scratch/haotianw/freedom-e-sdk/bsp/sifive-hifive1/install/lib/debug//libmetal.a(libriscv__mmachine__sifive-hifive1_a-sifive,spi0.o)
                0x0000000020403c12                __metal_driver_sifive_spi0_transfer
 .text.__metal_driver_sifive_spi0_get_baud_rate
                0x0000000020403d22       0x20 /scratch/haotianw/freedom-e-sdk/bsp/sifive-hifive1/install/lib/debug//libmetal.a(libriscv__mmachine__sifive-hifive1_a-sifive,spi0.o)
                0x0000000020403d22                __metal_driver_sifive_spi0_get_baud_rate
 .text.__metal_driver_sifive_spi0_set_baud_rate
                0x0000000020403d42       0xa2 /scratch/haotianw/freedom-e-sdk/bsp/sifive-hifive1/install/lib/debug//libmetal.a(libriscv__mmachine__sifive-hifive1_a-sifive,spi0.o)
                0x0000000020403d42                __metal_driver_sifive_spi0_set_baud_rate
 .text.pre_rate_change_callback
                0x0000000020403de4       0x46 /scratch/haotianw/freedom-e-sdk/bsp/sifive-hifive1/install/lib/debug//libmetal.a(libriscv__mmachine__sifive-hifive1_a-sifive,spi0.o)
 .text.post_rate_change_callback
                0x0000000020403e2a       0x30 /scratch/haotianw/freedom-e-sdk/bsp/sifive-hifive1/install/lib/debug//libmetal.a(libriscv__mmachine__sifive-hifive1_a-sifive,spi0.o)
 .text.__metal_driver_sifive_spi0_init
                0x0000000020403e5a       0x94 /scratch/haotianw/freedom-e-sdk/bsp/sifive-hifive1/install/lib/debug//libmetal.a(libriscv__mmachine__sifive-hifive1_a-sifive,spi0.o)
                0x0000000020403e5a                __metal_driver_sifive_spi0_init
 .text.__metal_driver_sifive_uart0_interrupt_controller
                0x0000000020403eee       0x20 /scratch/haotianw/freedom-e-sdk/bsp/sifive-hifive1/install/lib/debug//libmetal.a(libriscv__mmachine__sifive-hifive1_a-sifive,uart0.o)
                0x0000000020403eee                __metal_driver_sifive_uart0_interrupt_controller
 .text.__metal_driver_sifive_uart0_get_interrupt_id
                0x0000000020403f0e       0x24 /scratch/haotianw/freedom-e-sdk/bsp/sifive-hifive1/install/lib/debug//libmetal.a(libriscv__mmachine__sifive-hifive1_a-sifive,uart0.o)
                0x0000000020403f0e                __metal_driver_sifive_uart0_get_interrupt_id
 .text.__metal_driver_sifive_uart0_putc
                0x0000000020403f32       0x36 /scratch/haotianw/freedom-e-sdk/bsp/sifive-hifive1/install/lib/debug//libmetal.a(libriscv__mmachine__sifive-hifive1_a-sifive,uart0.o)
                0x0000000020403f32                __metal_driver_sifive_uart0_putc
 .text.__metal_driver_sifive_uart0_getc
                0x0000000020403f68       0x48 /scratch/haotianw/freedom-e-sdk/bsp/sifive-hifive1/install/lib/debug//libmetal.a(libriscv__mmachine__sifive-hifive1_a-sifive,uart0.o)
                0x0000000020403f68                __metal_driver_sifive_uart0_getc
 .text.__metal_driver_sifive_uart0_get_baud_rate
                0x0000000020403fb0       0x20 /scratch/haotianw/freedom-e-sdk/bsp/sifive-hifive1/install/lib/debug//libmetal.a(libriscv__mmachine__sifive-hifive1_a-sifive,uart0.o)
                0x0000000020403fb0                __metal_driver_sifive_uart0_get_baud_rate
 .text.__metal_driver_sifive_uart0_set_baud_rate
                0x0000000020403fd0       0x98 /scratch/haotianw/freedom-e-sdk/bsp/sifive-hifive1/install/lib/debug//libmetal.a(libriscv__mmachine__sifive-hifive1_a-sifive,uart0.o)
                0x0000000020403fd0                __metal_driver_sifive_uart0_set_baud_rate
 .text.pre_rate_change_callback
                0x0000000020404068       0xd0 /scratch/haotianw/freedom-e-sdk/bsp/sifive-hifive1/install/lib/debug//libmetal.a(libriscv__mmachine__sifive-hifive1_a-sifive,uart0.o)
 .text.post_rate_change_callback
                0x0000000020404138       0x2e /scratch/haotianw/freedom-e-sdk/bsp/sifive-hifive1/install/lib/debug//libmetal.a(libriscv__mmachine__sifive-hifive1_a-sifive,uart0.o)
 .text.__metal_driver_sifive_uart0_init
                0x0000000020404166       0x92 /scratch/haotianw/freedom-e-sdk/bsp/sifive-hifive1/install/lib/debug//libmetal.a(libriscv__mmachine__sifive-hifive1_a-sifive,uart0.o)
                0x0000000020404166                __metal_driver_sifive_uart0_init
 .text.metal_clock_get_rate_hz
                0x00000000204041f8       0x26 /scratch/haotianw/freedom-e-sdk/bsp/sifive-hifive1/install/lib/debug//libmetal.a(libriscv__mmachine__sifive-hifive1_a-clock.o)
                0x00000000204041f8                metal_clock_get_rate_hz
 .text.metal_clock_set_rate_hz
                0x000000002040421e       0x64 /scratch/haotianw/freedom-e-sdk/bsp/sifive-hifive1/install/lib/debug//libmetal.a(libriscv__mmachine__sifive-hifive1_a-clock.o)
                0x000000002040421e                metal_clock_set_rate_hz
 .text.metal_clock_register_pre_rate_change_callback
                0x0000000020404282       0x2e /scratch/haotianw/freedom-e-sdk/bsp/sifive-hifive1/install/lib/debug//libmetal.a(libriscv__mmachine__sifive-hifive1_a-clock.o)
                0x0000000020404282                metal_clock_register_pre_rate_change_callback
 .text.metal_clock_register_post_rate_change_callback
                0x00000000204042b0       0x2e /scratch/haotianw/freedom-e-sdk/bsp/sifive-hifive1/install/lib/debug//libmetal.a(libriscv__mmachine__sifive-hifive1_a-clock.o)
                0x00000000204042b0                metal_clock_register_post_rate_change_callback
 .text.metal_shutdown
                0x00000000204042de        0xe /scratch/haotianw/freedom-e-sdk/bsp/sifive-hifive1/install/lib/debug//libmetal.a(libriscv__mmachine__sifive-hifive1_a-shutdown.o)
                0x00000000204042de                metal_shutdown
 .text.metal_uart_init
                0x00000000204042ec       0x2a /scratch/haotianw/freedom-e-sdk/bsp/sifive-hifive1/install/lib/debug//libmetal.a(libriscv__mmachine__sifive-hifive1_a-uart.o)
                0x00000000204042ec                metal_uart_init
 .text.metal_uart_putc
                0x0000000020404316       0x32 /scratch/haotianw/freedom-e-sdk/bsp/sifive-hifive1/install/lib/debug//libmetal.a(libriscv__mmachine__sifive-hifive1_a-uart.o)
                0x0000000020404316                metal_uart_putc
 .text.metal_uart_set_baud_rate
                0x0000000020404348       0x2e /scratch/haotianw/freedom-e-sdk/bsp/sifive-hifive1/install/lib/debug//libmetal.a(libriscv__mmachine__sifive-hifive1_a-uart.o)
                0x0000000020404348                metal_uart_set_baud_rate
 .text._close   0x0000000020404376       0x22 /scratch/haotianw/freedom-e-sdk/bsp/sifive-hifive1/install/lib/debug//libmetal-gloss.a(sys_close.o)
                0x0000000020404376                _close
 .text._fstat   0x0000000020404398       0x26 /scratch/haotianw/freedom-e-sdk/bsp/sifive-hifive1/install/lib/debug//libmetal-gloss.a(sys_fstat.o)
                0x0000000020404398                _fstat
 .text._isatty  0x00000000204043be       0x20 /scratch/haotianw/freedom-e-sdk/bsp/sifive-hifive1/install/lib/debug//libmetal-gloss.a(sys_isatty.o)
                0x00000000204043be                _isatty
 .text._lseek   0x00000000204043de       0x2a /scratch/haotianw/freedom-e-sdk/bsp/sifive-hifive1/install/lib/debug//libmetal-gloss.a(sys_lseek.o)
                0x00000000204043de                _lseek
 .text._read    0x0000000020404408       0x2a /scratch/haotianw/freedom-e-sdk/bsp/sifive-hifive1/install/lib/debug//libmetal-gloss.a(sys_read.o)
                0x0000000020404408                _read
 .text._sbrk    0x0000000020404432       0x64 /scratch/haotianw/freedom-e-sdk/bsp/sifive-hifive1/install/lib/debug//libmetal-gloss.a(sys_sbrk.o)
                0x0000000020404432                _sbrk
 .text._write   0x0000000020404496       0x6e /scratch/haotianw/freedom-e-sdk/bsp/sifive-hifive1/install/lib/debug//libmetal-gloss.a(sys_write.o)
                0x0000000020404496                _write
 .text          0x0000000020404504        0xa /scratch/haotianw/gnu/bin/../lib/gcc/riscv64-unknown-elf/8.2.0/../../../../riscv64-unknown-elf/lib/rv32imac/ilp32/libc.a(lib_a-atexit.o)
                0x0000000020404504                atexit
 .text          0x000000002040450e        0xc /scratch/haotianw/gnu/bin/../lib/gcc/riscv64-unknown-elf/8.2.0/../../../../riscv64-unknown-elf/lib/rv32imac/ilp32/libc.a(lib_a-errno.o)
                0x000000002040450e                __errno
 .text          0x000000002040451a       0x1c /scratch/haotianw/gnu/bin/../lib/gcc/riscv64-unknown-elf/8.2.0/../../../../riscv64-unknown-elf/lib/rv32imac/ilp32/libc.a(lib_a-exit.o)
                0x000000002040451a                exit
 .text          0x0000000020404536       0x3a /scratch/haotianw/gnu/bin/../lib/gcc/riscv64-unknown-elf/8.2.0/../../../../riscv64-unknown-elf/lib/rv32imac/ilp32/libc.a(lib_a-fini.o)
                0x0000000020404536                __libc_fini_array
 .text          0x0000000020404570       0x6e /scratch/haotianw/gnu/bin/../lib/gcc/riscv64-unknown-elf/8.2.0/../../../../riscv64-unknown-elf/lib/rv32imac/ilp32/libc.a(lib_a-init.o)
                0x0000000020404570                __libc_init_array
 .text          0x00000000204045de       0x62 /scratch/haotianw/gnu/bin/../lib/gcc/riscv64-unknown-elf/8.2.0/../../../../riscv64-unknown-elf/lib/rv32imac/ilp32/libc.a(lib_a-__atexit.o)
                0x00000000204045de                __register_exitproc
 .text          0x0000000020404640       0xae /scratch/haotianw/gnu/bin/../lib/gcc/riscv64-unknown-elf/8.2.0/../../../../riscv64-unknown-elf/lib/rv32imac/ilp32/libc.a(lib_a-__call_atexit.o)
                0x0000000020404640                __call_exitprocs
 .text.metal_tty_putc
                0x00000000204046ee       0x50 /scratch/haotianw/freedom-e-sdk/bsp/sifive-hifive1/install/lib/debug//libmetal.a(libriscv__mmachine__sifive-hifive1_a-tty.o)
                0x00000000204046ee                metal_tty_putc
 .text.metal_tty_init
                0x000000002040473e       0x22 /scratch/haotianw/freedom-e-sdk/bsp/sifive-hifive1/install/lib/debug//libmetal.a(libriscv__mmachine__sifive-hifive1_a-tty.o)
 .text._exit    0x0000000020404760       0x14 /scratch/haotianw/freedom-e-sdk/bsp/sifive-hifive1/install/lib/debug//libmetal-gloss.a(sys_exit.o)
                0x0000000020404760                _exit
 *(.itim .itim.*)
 *(.gnu.linkonce.t.*)

.fini
 *(SORT_NONE(.fini))
                [!provide]                        PROVIDE (__etext = .)
                [!provide]                        PROVIDE (_etext = .)
                [!provide]                        PROVIDE (etext = .)

.rodata         0x0000000020404774      0xb19
 *(.rdata)
 *(.rodata .rodata.*)
 .rodata        0x0000000020404774       0x19 /tmp/ccUAB68z.o
 *fill*         0x000000002040478d        0x3 
 .rodata.str1.4
                0x0000000020404790        0x4 /scratch/haotianw/gnu/bin/../lib/gcc/riscv64-unknown-elf/8.2.0/../../../../riscv64-unknown-elf/lib/rv32imac/ilp32/libc.a(lib_a-puts.o)
                                          0x2 (size before relaxing)
 .rodata.__metal_driver_vtable_riscv_cpu_intc
                0x0000000020404794       0x1c /scratch/haotianw/freedom-e-sdk/bsp/sifive-hifive1/install/lib/debug//libmetal.a(libriscv__mmachine__sifive-hifive1_a-spi.o)
                0x0000000020404794                __metal_driver_vtable_riscv_cpu_intc
 .rodata.__metal_driver_vtable_cpu
                0x00000000204047b0       0x40 /scratch/haotianw/freedom-e-sdk/bsp/sifive-hifive1/install/lib/debug//libmetal.a(libriscv__mmachine__sifive-hifive1_a-spi.o)
                0x00000000204047b0                __metal_driver_vtable_cpu
 .rodata.__metal_driver_vtable_riscv_clint0
                0x00000000204047f0       0x1c /scratch/haotianw/freedom-e-sdk/bsp/sifive-hifive1/install/lib/debug//libmetal.a(libriscv__mmachine__sifive-hifive1_a-spi.o)
                0x00000000204047f0                __metal_driver_vtable_riscv_clint0
 .rodata.__metal_driver_vtable_riscv_plic0
                0x000000002040480c       0x1c /scratch/haotianw/freedom-e-sdk/bsp/sifive-hifive1/install/lib/debug//libmetal.a(libriscv__mmachine__sifive-hifive1_a-spi.o)
                0x000000002040480c                __metal_driver_vtable_riscv_plic0
 .rodata.__metal_driver_vtable_sifive_gpio0
                0x0000000020404828       0x1c /scratch/haotianw/freedom-e-sdk/bsp/sifive-hifive1/install/lib/debug//libmetal.a(libriscv__mmachine__sifive-hifive1_a-spi.o)
                0x0000000020404828                __metal_driver_vtable_sifive_gpio0
 .rodata.__metal_driver_vtable_sifive_spi0
                0x0000000020404844       0x10 /scratch/haotianw/freedom-e-sdk/bsp/sifive-hifive1/install/lib/debug//libmetal.a(libriscv__mmachine__sifive-hifive1_a-spi.o)
                0x0000000020404844                __metal_driver_vtable_sifive_spi0
 .rodata.__metal_driver_vtable_sifive_uart0
                0x0000000020404854       0x1c /scratch/haotianw/freedom-e-sdk/bsp/sifive-hifive1/install/lib/debug//libmetal.a(libriscv__mmachine__sifive-hifive1_a-spi.o)
                0x0000000020404854                __metal_driver_vtable_sifive_uart0
 .rodata.__metal_driver_vtable_sifive_fe310_g000_pll
                0x0000000020404870        0xc /scratch/haotianw/freedom-e-sdk/bsp/sifive-hifive1/install/lib/debug//libmetal.a(libriscv__mmachine__sifive-hifive1_a-spi.o)
                0x0000000020404870                __metal_driver_vtable_sifive_fe310_g000_pll
 .rodata.__metal_driver_riscv_clint0_command_request
                0x000000002040487c       0x18 /scratch/haotianw/freedom-e-sdk/bsp/sifive-hifive1/install/lib/debug//libmetal.a(libriscv__mmachine__sifive-hifive1_a-riscv,clint0.o)
 .rodata.__metal_valid_interrupt_id
                0x0000000020404894       0x74 /scratch/haotianw/freedom-e-sdk/bsp/sifive-hifive1/install/lib/debug//libmetal.a(libriscv__mmachine__sifive-hifive1_a-riscv,cpu.o)
 .rodata.__metal_local_interrupt_enable
                0x0000000020404908       0x80 /scratch/haotianw/freedom-e-sdk/bsp/sifive-hifive1/install/lib/debug//libmetal.a(libriscv__mmachine__sifive-hifive1_a-riscv,cpu.o)
 .rodata.__metal_driver_riscv_cpu_controller_interrupt_register
                0x0000000020404988       0x74 /scratch/haotianw/freedom-e-sdk/bsp/sifive-hifive1/install/lib/debug//libmetal.a(libriscv__mmachine__sifive-hifive1_a-riscv,cpu.o)
 .rodata.pll_configs
                0x00000000204049fc      0x880 /scratch/haotianw/freedom-e-sdk/bsp/sifive-hifive1/install/lib/debug//libmetal.a(libriscv__mmachine__sifive-hifive1_a-sifive,fe310-g000,pll.o)
 .rodata.libgloss.start
                0x000000002040527c       0x11 /scratch/haotianw/freedom-e-sdk/bsp/sifive-hifive1/install/lib/debug//libmetal-gloss.a(crt0.o)
 *(.gnu.linkonce.r.*)

.rela.dyn       0x0000000020405290        0x0
 .rela.text     0x0000000020405290        0x0 /tmp/ccUAB68z.o
 .rela.text.metal.init.enter
                0x0000000020405290        0x0 /tmp/ccUAB68z.o
 .rela.data.__metal_dt_clock_0
                0x0000000020405290        0x0 /tmp/ccUAB68z.o
 .rela.data.__metal_dt_clock_2
                0x0000000020405290        0x0 /tmp/ccUAB68z.o
 .rela.data.__metal_dt_clint_2000000
                0x0000000020405290        0x0 /tmp/ccUAB68z.o
 .rela.data.__metal_dt_cpu_0
                0x0000000020405290        0x0 /tmp/ccUAB68z.o
 .rela.data.__metal_dt_interrupt_controller
                0x0000000020405290        0x0 /tmp/ccUAB68z.o
 .rela.data.__metal_dt_interrupt_controller_c000000
                0x0000000020405290        0x0 /tmp/ccUAB68z.o
 .rela.data.__metal_dt_gpio_10012000
                0x0000000020405290        0x0 /tmp/ccUAB68z.o
 .rela.data.__metal_dt_spi_10014000
                0x0000000020405290        0x0 /tmp/ccUAB68z.o
 .rela.data.__metal_dt_serial_10013000
                0x0000000020405290        0x0 /tmp/ccUAB68z.o
 .rela.data.__metal_dt_clock_3
                0x0000000020405290        0x0 /tmp/ccUAB68z.o
 .rela.data.__metal_dt_clock_1
                0x0000000020405290        0x0 /tmp/ccUAB68z.o
 .rela.data.__metal_dt_clock_4
                0x0000000020405290        0x0 /tmp/ccUAB68z.o
 .rela.data.__metal_dt_prci_10008000
                0x0000000020405290        0x0 /tmp/ccUAB68z.o
 .rela.sdata.__metal_cpu_table
                0x0000000020405290        0x0 /tmp/ccUAB68z.o
 .rela.sdata.__metal_spi_table
                0x0000000020405290        0x0 /tmp/ccUAB68z.o
 .rela.text.metal_spi_get_device
                0x0000000020405290        0x0 /tmp/ccUAB68z.o
 .rela.text.__metal_driver_cpu_get
                0x0000000020405290        0x0 /tmp/ccUAB68z.o
 .rela.text.__metal_default_sw_handler
                0x0000000020405290        0x0 /tmp/ccUAB68z.o
 .rela.text.__metal_exception_handler
                0x0000000020405290        0x0 /tmp/ccUAB68z.o
 .rela.text.__metal_driver_cpu_timer_controller_interrupt
                0x0000000020405290        0x0 /tmp/ccUAB68z.o
 .rela.text.__metal_driver_cpu_sw_controller_interrupt
                0x0000000020405290        0x0 /tmp/ccUAB68z.o
 .rela.text.metal_sifive_fe310_g000_pll_init
                0x0000000020405290        0x0 /tmp/ccUAB68z.o
 .rela.text.use_hfxosc
                0x0000000020405290        0x0 /tmp/ccUAB68z.o
 .rela.text.libgloss.start
                0x0000000020405290        0x0 /tmp/ccUAB68z.o
 .rela.sdata.brk
                0x0000000020405290        0x0 /tmp/ccUAB68z.o
 .rela.text._sbrk
                0x0000000020405290        0x0 /tmp/ccUAB68z.o
 .rela.text.metal_tty_putc
                0x0000000020405290        0x0 /tmp/ccUAB68z.o
 .rela.text.metal_tty_init
                0x0000000020405290        0x0 /tmp/ccUAB68z.o
                0x0000000020405290                . = ALIGN (0x4)

.preinit_array  0x000000002040528d        0x0
                0x000000002040528d                PROVIDE (__preinit_array_start = .)
 *(.preinit_array)
                0x000000002040528d                PROVIDE (__preinit_array_end = .)

.init_array     0x0000000020405290        0xc
                0x0000000020405290                PROVIDE (__init_array_start = .)
 *(SORT_BY_INIT_PRIORITY(.init_array.*) SORT_BY_INIT_PRIORITY(.ctors.*))
 *(.init_array EXCLUDE_FILE(*crtend?.o *crtend.o *crtbegin?.o *crtbegin.o) .ctors)
 .init_array    0x0000000020405290        0x8 /scratch/haotianw/freedom-e-sdk/bsp/sifive-hifive1/install/lib/debug//libmetal.a(libriscv__mmachine__sifive-hifive1_a-sifive,fe310-g000,pll.o)
 .init_array    0x0000000020405298        0x4 /scratch/haotianw/freedom-e-sdk/bsp/sifive-hifive1/install/lib/debug//libmetal.a(libriscv__mmachine__sifive-hifive1_a-tty.o)
                0x000000002040529c                PROVIDE (__init_array_end = .)

.finit_array    0x000000002040529c        0x0
                [!provide]                        PROVIDE (__finit_array_start = .)
 *(SORT_BY_INIT_PRIORITY(.fini_array.*) SORT_BY_INIT_PRIORITY(.dtors.*))
 *(.fini_array EXCLUDE_FILE(*crtend?.o *crtend.o *crtbegin?.o *crtbegin.o) .dtors)
                [!provide]                        PROVIDE (__finit_array_end = .)

.ctors
 *crtbegin.o(.ctors)
 *crtbegin?.o(.ctors)
 *(EXCLUDE_FILE(*crtend?.o *crtend.o) .ctors)
 *(SORT_BY_NAME(.ctors.*))
 *(.ctors)

.dtors
 *crtbegin.o(.dtors)
 *crtbegin?.o(.dtors)
 *(EXCLUDE_FILE(*crtend?.o *crtend.o) .dtors)
 *(SORT_BY_NAME(.dtors.*))
 *(.dtors)

.litimalign     0x000000002040529c        0x0
                0x000000002040529c                . = ALIGN (0x4)
                0x000000002040529c                PROVIDE (metal_segment_itim_source_start = .)

.ditimalign     0x0000000080000000        0x0 load address 0x000000002040529c
                0x0000000080000000                . = ALIGN (0x4)
                0x0000000080000000                PROVIDE (metal_segment_itim_target_start = .)

.itim
 *(.itim .itim.*)
                0x0000000080000000                . = ALIGN (0x8)
                0x0000000080000000                PROVIDE (metal_segment_itim_target_end = .)

.lalign         0x000000002040529c        0x0
                0x000000002040529c                . = ALIGN (0x4)
                [!provide]                        PROVIDE (_data_lma = .)
                0x000000002040529c                PROVIDE (metal_segment_data_source_start = .)

.dalign         0x0000000080000000        0x0 load address 0x000000002040529c
                0x0000000080000000                . = ALIGN (0x4)
                0x0000000080000000                PROVIDE (metal_segment_data_target_start = .)

.data           0x0000000080000000     0x10f4 load address 0x000000002040529c
 *(.data .data.*)
 .data          0x0000000080000000      0x428 /scratch/haotianw/gnu/bin/../lib/gcc/riscv64-unknown-elf/8.2.0/../../../../riscv64-unknown-elf/lib/rv32imac/ilp32/libc.a(lib_a-impure.o)
 .data          0x0000000080000428      0x408 /scratch/haotianw/gnu/bin/../lib/gcc/riscv64-unknown-elf/8.2.0/../../../../riscv64-unknown-elf/lib/rv32imac/ilp32/libc.a(lib_a-mallocr.o)
                0x0000000080000428                __malloc_av_
 .data.__metal_dt_clock_0
                0x0000000080000830       0x1c /scratch/haotianw/freedom-e-sdk/bsp/sifive-hifive1/install/lib/debug//libmetal.a(libriscv__mmachine__sifive-hifive1_a-spi.o)
                0x0000000080000830                __metal_dt_clock_0
 .data.__metal_dt_clock_2
                0x000000008000084c       0x1c /scratch/haotianw/freedom-e-sdk/bsp/sifive-hifive1/install/lib/debug//libmetal.a(libriscv__mmachine__sifive-hifive1_a-spi.o)
                0x000000008000084c                __metal_dt_clock_2
 .data.__metal_dt_clint_2000000
                0x0000000080000868       0x24 /scratch/haotianw/freedom-e-sdk/bsp/sifive-hifive1/install/lib/debug//libmetal.a(libriscv__mmachine__sifive-hifive1_a-spi.o)
                0x0000000080000868                __metal_dt_clint_2000000
 .data.__metal_dt_cpu_0
                0x000000008000088c       0x10 /scratch/haotianw/freedom-e-sdk/bsp/sifive-hifive1/install/lib/debug//libmetal.a(libriscv__mmachine__sifive-hifive1_a-spi.o)
                0x000000008000088c                __metal_dt_cpu_0
 *fill*         0x000000008000089c        0x4 
 .data.__metal_dt_interrupt_controller
                0x00000000800008a0      0x3c0 /scratch/haotianw/freedom-e-sdk/bsp/sifive-hifive1/install/lib/debug//libmetal.a(libriscv__mmachine__sifive-hifive1_a-spi.o)
                0x00000000800008a0                __metal_dt_interrupt_controller
 .data.__metal_dt_interrupt_controller_c000000
                0x0000000080000c60      0x320 /scratch/haotianw/freedom-e-sdk/bsp/sifive-hifive1/install/lib/debug//libmetal.a(libriscv__mmachine__sifive-hifive1_a-spi.o)
                0x0000000080000c60                __metal_dt_interrupt_controller_c000000
 .data.__metal_dt_gpio_10012000
                0x0000000080000f80       0x58 /scratch/haotianw/freedom-e-sdk/bsp/sifive-hifive1/install/lib/debug//libmetal.a(libriscv__mmachine__sifive-hifive1_a-spi.o)
                0x0000000080000f80                __metal_dt_gpio_10012000
 .data.__metal_dt_spi_10014000
                0x0000000080000fd8       0x24 /scratch/haotianw/freedom-e-sdk/bsp/sifive-hifive1/install/lib/debug//libmetal.a(libriscv__mmachine__sifive-hifive1_a-spi.o)
                0x0000000080000fd8                __metal_dt_spi_10014000
 .data.__metal_dt_serial_10013000
                0x0000000080000ffc       0x30 /scratch/haotianw/freedom-e-sdk/bsp/sifive-hifive1/install/lib/debug//libmetal.a(libriscv__mmachine__sifive-hifive1_a-spi.o)
                0x0000000080000ffc                __metal_dt_serial_10013000
 .data.__metal_dt_clock_3
                0x000000008000102c       0x24 /scratch/haotianw/freedom-e-sdk/bsp/sifive-hifive1/install/lib/debug//libmetal.a(libriscv__mmachine__sifive-hifive1_a-spi.o)
                0x000000008000102c                __metal_dt_clock_3
 .data.__metal_dt_clock_1
                0x0000000080001050       0x24 /scratch/haotianw/freedom-e-sdk/bsp/sifive-hifive1/install/lib/debug//libmetal.a(libriscv__mmachine__sifive-hifive1_a-spi.o)
                0x0000000080001050                __metal_dt_clock_1
 .data.__metal_dt_clock_4
                0x0000000080001074       0x34 /scratch/haotianw/freedom-e-sdk/bsp/sifive-hifive1/install/lib/debug//libmetal.a(libriscv__mmachine__sifive-hifive1_a-spi.o)
                0x0000000080001074                __metal_dt_clock_4
 .data.__metal_dt_prci_10008000
                0x00000000800010a8        0xc /scratch/haotianw/freedom-e-sdk/bsp/sifive-hifive1/install/lib/debug//libmetal.a(libriscv__mmachine__sifive-hifive1_a-spi.o)
                0x00000000800010a8                __metal_dt_prci_10008000
 *(.gnu.linkonce.d.*)
                0x00000000800010b8                . = ALIGN (0x8)
 *fill*         0x00000000800010b4        0x4 
                0x00000000800018b8                PROVIDE (__global_pointer$ = (. + 0x800))
 *(.sdata .sdata.* .sdata2.*)
 .sdata         0x00000000800010b8        0x4 /scratch/haotianw/gnu/bin/../lib/gcc/riscv64-unknown-elf/8.2.0/../../../../riscv64-unknown-elf/lib/rv32imac/ilp32/libc.a(lib_a-impure.o)
                0x00000000800010b8                _impure_ptr
 .sdata         0x00000000800010bc        0x8 /scratch/haotianw/gnu/bin/../lib/gcc/riscv64-unknown-elf/8.2.0/../../../../riscv64-unknown-elf/lib/rv32imac/ilp32/libc.a(lib_a-mallocr.o)
                0x00000000800010bc                __malloc_sbrk_base
                0x00000000800010c0                __malloc_trim_threshold
 .sdata2.__metal_driver_vtable_fixed_clock
                0x00000000800010c4        0x8 /scratch/haotianw/freedom-e-sdk/bsp/sifive-hifive1/install/lib/debug//libmetal.a(libriscv__mmachine__sifive-hifive1_a-spi.o)
                0x00000000800010c4                __metal_driver_vtable_fixed_clock
 .sdata2.__metal_driver_vtable_sifive_fe310_g000_prci
                0x00000000800010cc        0x8 /scratch/haotianw/freedom-e-sdk/bsp/sifive-hifive1/install/lib/debug//libmetal.a(libriscv__mmachine__sifive-hifive1_a-spi.o)
                0x00000000800010cc                __metal_driver_vtable_sifive_fe310_g000_prci
 .sdata2.__metal_driver_vtable_sifive_fe310_g000_hfrosc
                0x00000000800010d4        0x8 /scratch/haotianw/freedom-e-sdk/bsp/sifive-hifive1/install/lib/debug//libmetal.a(libriscv__mmachine__sifive-hifive1_a-spi.o)
                0x00000000800010d4                __metal_driver_vtable_sifive_fe310_g000_hfrosc
 .sdata2.__metal_driver_vtable_sifive_fe310_g000_hfxosc
                0x00000000800010dc        0x8 /scratch/haotianw/freedom-e-sdk/bsp/sifive-hifive1/install/lib/debug//libmetal.a(libriscv__mmachine__sifive-hifive1_a-spi.o)
                0x00000000800010dc                __metal_driver_vtable_sifive_fe310_g000_hfxosc
 .sdata.__metal_cpu_table
                0x00000000800010e4        0x4 /scratch/haotianw/freedom-e-sdk/bsp/sifive-hifive1/install/lib/debug//libmetal.a(libriscv__mmachine__sifive-hifive1_a-spi.o)
                0x00000000800010e4                __metal_cpu_table
 .sdata.__metal_spi_table
                0x00000000800010e8        0x4 /scratch/haotianw/freedom-e-sdk/bsp/sifive-hifive1/install/lib/debug//libmetal.a(libriscv__mmachine__sifive-hifive1_a-spi.o)
                0x00000000800010e8                __metal_spi_table
 .sdata.brk     0x00000000800010ec        0x4 /scratch/haotianw/freedom-e-sdk/bsp/sifive-hifive1/install/lib/debug//libmetal-gloss.a(sys_sbrk.o)
 *(.gnu.linkonce.s.*)
                0x00000000800010f0                . = ALIGN (0x8)
 *(.srodata.cst16)
 *(.srodata.cst8)
 *(.srodata.cst4)
 *(.srodata.cst2)
 *(.srodata .srodata.*)
 .srodata       0x00000000800010f0        0x4 /scratch/haotianw/gnu/bin/../lib/gcc/riscv64-unknown-elf/8.2.0/../../../../riscv64-unknown-elf/lib/rv32imac/ilp32/libc.a(lib_a-impure.o)
                0x00000000800010f0                _global_impure_ptr
                0x00000000800010f4                . = ALIGN (0x4)
                [!provide]                        PROVIDE (_edata = .)
                [!provide]                        PROVIDE (edata = .)
                0x00000000800010f4                PROVIDE (metal_segment_data_target_end = .)
                [!provide]                        PROVIDE (_fbss = .)
                [!provide]                        PROVIDE (__bss_start = .)
                0x00000000800010f4                PROVIDE (metal_segment_bss_target_start = .)

.bss            0x00000000800010f4       0x38
 *(.sbss*)
 .sbss          0x00000000800010f4        0xc /scratch/haotianw/gnu/bin/../lib/gcc/riscv64-unknown-elf/8.2.0/../../../../riscv64-unknown-elf/lib/rv32imac/ilp32/libc.a(lib_a-mallocr.o)
                0x00000000800010f4                __malloc_max_total_mem
                0x00000000800010f8                __malloc_max_sbrked_mem
                0x00000000800010fc                __malloc_top_pad
 *(.gnu.linkonce.sb.*)
 *(.bss .bss.*)
 .bss           0x0000000080001100       0x28 /scratch/haotianw/gnu/bin/../lib/gcc/riscv64-unknown-elf/8.2.0/../../../../riscv64-unknown-elf/lib/rv32imac/ilp32/libc.a(lib_a-mallocr.o)
                0x0000000080001100                __malloc_current_mallinfo
 *(.gnu.linkonce.b.*)
 *(COMMON)
 COMMON         0x0000000080001128        0x4 /scratch/haotianw/gnu/bin/../lib/gcc/riscv64-unknown-elf/8.2.0/../../../../riscv64-unknown-elf/lib/rv32imac/ilp32/libc.a(lib_a-reent.o)
                0x0000000080001128                errno
                0x000000008000112c                . = ALIGN (0x4)
                0x0000000080001130                . = ALIGN (0x8)
                [!provide]                        PROVIDE (_end = .)
                [!provide]                        PROVIDE (end = .)
                0x0000000080001130                PROVIDE (metal_segment_bss_target_end = .)

.stack          0x000000008000112c      0x400
                [!provide]                        PROVIDE (metal_segment_stack_begin = .)
                0x0000000000000400                . = __stack_size
 *fill*         0x000000008000112c      0x400 
                [!provide]                        PROVIDE (_sp = .)
                0x000000008000152c                PROVIDE (metal_segment_stack_end = .)

.heap           0x000000008000152c     0x2ad4
                0x000000008000152c                PROVIDE (metal_segment_heap_target_start = .)
                0x0000000000000400                . = __heap_size
 *fill*         0x000000008000152c      0x400 
                0x0000000080004000                . = (__heap_size == 0x0)?0x0:(ORIGIN (ram) + LENGTH (ram))
 *fill*         0x000000008000192c     0x26d4 
                0x0000000080004000                PROVIDE (metal_segment_heap_target_end = .)
                [!provide]                        PROVIDE (_heap_end = .)
OUTPUT(qspi_interface elf32-littleriscv)

.debug_info     0x0000000000000000     0xf914
 .debug_info    0x0000000000000000      0xad1 /tmp/ccUAB68z.o
 .debug_info    0x0000000000000ad1       0x22 /scratch/haotianw/freedom-e-sdk/bsp/sifive-hifive1/install/lib/debug//libmetal.a(libriscv__mmachine__sifive-hifive1_a-entry.o)
 .debug_info    0x0000000000000af3     0x1508 /scratch/haotianw/freedom-e-sdk/bsp/sifive-hifive1/install/lib/debug//libmetal.a(libriscv__mmachine__sifive-hifive1_a-spi.o)
 .debug_info    0x0000000000001ffb      0x220 /scratch/haotianw/freedom-e-sdk/bsp/sifive-hifive1/install/lib/debug//libmetal.a(libriscv__mmachine__sifive-hifive1_a-fixed-clock.o)
 .debug_info    0x000000000000221b      0x822 /scratch/haotianw/freedom-e-sdk/bsp/sifive-hifive1/install/lib/debug//libmetal.a(libriscv__mmachine__sifive-hifive1_a-riscv,clint0.o)
 .debug_info    0x0000000000002a3d     0x2299 /scratch/haotianw/freedom-e-sdk/bsp/sifive-hifive1/install/lib/debug//libmetal.a(libriscv__mmachine__sifive-hifive1_a-riscv,cpu.o)
 .debug_info    0x0000000000004cd6      0x8da /scratch/haotianw/freedom-e-sdk/bsp/sifive-hifive1/install/lib/debug//libmetal.a(libriscv__mmachine__sifive-hifive1_a-riscv,plic0.o)
 .debug_info    0x00000000000055b0      0x315 /scratch/haotianw/freedom-e-sdk/bsp/sifive-hifive1/install/lib/debug//libmetal.a(libriscv__mmachine__sifive-hifive1_a-sifive,fe310-g000,hfrosc.o)
 .debug_info    0x00000000000058c5      0x315 /scratch/haotianw/freedom-e-sdk/bsp/sifive-hifive1/install/lib/debug//libmetal.a(libriscv__mmachine__sifive-hifive1_a-sifive,fe310-g000,hfxosc.o)
 .debug_info    0x0000000000005bda     0x1fdb /scratch/haotianw/freedom-e-sdk/bsp/sifive-hifive1/install/lib/debug//libmetal.a(libriscv__mmachine__sifive-hifive1_a-sifive,fe310-g000,pll.o)
 .debug_info    0x0000000000007bb5      0x18e /scratch/haotianw/freedom-e-sdk/bsp/sifive-hifive1/install/lib/debug//libmetal.a(libriscv__mmachine__sifive-hifive1_a-sifive,fe310-g000,prci.o)
 .debug_info    0x0000000000007d43      0x3fc /scratch/haotianw/freedom-e-sdk/bsp/sifive-hifive1/install/lib/debug//libmetal.a(libriscv__mmachine__sifive-hifive1_a-sifive,gpio0.o)
 .debug_info    0x000000000000813f      0x789 /scratch/haotianw/freedom-e-sdk/bsp/sifive-hifive1/install/lib/debug//libmetal.a(libriscv__mmachine__sifive-hifive1_a-sifive,spi0.o)
 .debug_info    0x00000000000088c8      0xc6d /scratch/haotianw/freedom-e-sdk/bsp/sifive-hifive1/install/lib/debug//libmetal.a(libriscv__mmachine__sifive-hifive1_a-sifive,uart0.o)
 .debug_info    0x0000000000009535      0x229 /scratch/haotianw/freedom-e-sdk/bsp/sifive-hifive1/install/lib/debug//libmetal.a(libriscv__mmachine__sifive-hifive1_a-clock.o)
 .debug_info    0x000000000000975e     0x14a1 /scratch/haotianw/freedom-e-sdk/bsp/sifive-hifive1/install/lib/debug//libmetal.a(libriscv__mmachine__sifive-hifive1_a-shutdown.o)
 .debug_info    0x000000000000abff      0x3f1 /scratch/haotianw/freedom-e-sdk/bsp/sifive-hifive1/install/lib/debug//libmetal.a(libriscv__mmachine__sifive-hifive1_a-uart.o)
 .debug_info    0x000000000000aff0       0x26 /scratch/haotianw/freedom-e-sdk/bsp/sifive-hifive1/install/lib/debug//libmetal-gloss.a(crt0.o)
 .debug_info    0x000000000000b016      0x969 /scratch/haotianw/freedom-e-sdk/bsp/sifive-hifive1/install/lib/debug//libmetal-gloss.a(sys_close.o)
 .debug_info    0x000000000000b97f      0xbac /scratch/haotianw/freedom-e-sdk/bsp/sifive-hifive1/install/lib/debug//libmetal-gloss.a(sys_fstat.o)
 .debug_info    0x000000000000c52b       0xf4 /scratch/haotianw/freedom-e-sdk/bsp/sifive-hifive1/install/lib/debug//libmetal-gloss.a(sys_isatty.o)
 .debug_info    0x000000000000c61f      0x99f /scratch/haotianw/freedom-e-sdk/bsp/sifive-hifive1/install/lib/debug//libmetal-gloss.a(sys_lseek.o)
 .debug_info    0x000000000000cfbe      0x99f /scratch/haotianw/freedom-e-sdk/bsp/sifive-hifive1/install/lib/debug//libmetal-gloss.a(sys_read.o)
 .debug_info    0x000000000000d95d      0x117 /scratch/haotianw/freedom-e-sdk/bsp/sifive-hifive1/install/lib/debug//libmetal-gloss.a(sys_sbrk.o)
 .debug_info    0x000000000000da74      0xa1e /scratch/haotianw/freedom-e-sdk/bsp/sifive-hifive1/install/lib/debug//libmetal-gloss.a(sys_write.o)
 .debug_info    0x000000000000e492     0x1433 /scratch/haotianw/freedom-e-sdk/bsp/sifive-hifive1/install/lib/debug//libmetal.a(libriscv__mmachine__sifive-hifive1_a-tty.o)
 .debug_info    0x000000000000f8c5       0x4f /scratch/haotianw/freedom-e-sdk/bsp/sifive-hifive1/install/lib/debug//libmetal-gloss.a(sys_exit.o)

.debug_abbrev   0x0000000000000000     0x289d
 .debug_abbrev  0x0000000000000000      0x211 /tmp/ccUAB68z.o
 .debug_abbrev  0x0000000000000211       0x12 /scratch/haotianw/freedom-e-sdk/bsp/sifive-hifive1/install/lib/debug//libmetal.a(libriscv__mmachine__sifive-hifive1_a-entry.o)
 .debug_abbrev  0x0000000000000223      0x212 /scratch/haotianw/freedom-e-sdk/bsp/sifive-hifive1/install/lib/debug//libmetal.a(libriscv__mmachine__sifive-hifive1_a-spi.o)
 .debug_abbrev  0x0000000000000435       0xfe /scratch/haotianw/freedom-e-sdk/bsp/sifive-hifive1/install/lib/debug//libmetal.a(libriscv__mmachine__sifive-hifive1_a-fixed-clock.o)
 .debug_abbrev  0x0000000000000533      0x1a2 /scratch/haotianw/freedom-e-sdk/bsp/sifive-hifive1/install/lib/debug//libmetal.a(libriscv__mmachine__sifive-hifive1_a-riscv,clint0.o)
 .debug_abbrev  0x00000000000006d5      0x35a /scratch/haotianw/freedom-e-sdk/bsp/sifive-hifive1/install/lib/debug//libmetal.a(libriscv__mmachine__sifive-hifive1_a-riscv,cpu.o)
 .debug_abbrev  0x0000000000000a2f      0x1b7 /scratch/haotianw/freedom-e-sdk/bsp/sifive-hifive1/install/lib/debug//libmetal.a(libriscv__mmachine__sifive-hifive1_a-riscv,plic0.o)
 .debug_abbrev  0x0000000000000be6       0xf1 /scratch/haotianw/freedom-e-sdk/bsp/sifive-hifive1/install/lib/debug//libmetal.a(libriscv__mmachine__sifive-hifive1_a-sifive,fe310-g000,hfrosc.o)
 .debug_abbrev  0x0000000000000cd7       0xf1 /scratch/haotianw/freedom-e-sdk/bsp/sifive-hifive1/install/lib/debug//libmetal.a(libriscv__mmachine__sifive-hifive1_a-sifive,fe310-g000,hfxosc.o)
 .debug_abbrev  0x0000000000000dc8      0x3aa /scratch/haotianw/freedom-e-sdk/bsp/sifive-hifive1/install/lib/debug//libmetal.a(libriscv__mmachine__sifive-hifive1_a-sifive,fe310-g000,pll.o)
 .debug_abbrev  0x0000000000001172       0xd0 /scratch/haotianw/freedom-e-sdk/bsp/sifive-hifive1/install/lib/debug//libmetal.a(libriscv__mmachine__sifive-hifive1_a-sifive,fe310-g000,prci.o)
 .debug_abbrev  0x0000000000001242      0x105 /scratch/haotianw/freedom-e-sdk/bsp/sifive-hifive1/install/lib/debug//libmetal.a(libriscv__mmachine__sifive-hifive1_a-sifive,gpio0.o)
 .debug_abbrev  0x0000000000001347      0x1f0 /scratch/haotianw/freedom-e-sdk/bsp/sifive-hifive1/install/lib/debug//libmetal.a(libriscv__mmachine__sifive-hifive1_a-sifive,spi0.o)
 .debug_abbrev  0x0000000000001537      0x1cc /scratch/haotianw/freedom-e-sdk/bsp/sifive-hifive1/install/lib/debug//libmetal.a(libriscv__mmachine__sifive-hifive1_a-sifive,uart0.o)
 .debug_abbrev  0x0000000000001703      0x116 /scratch/haotianw/freedom-e-sdk/bsp/sifive-hifive1/install/lib/debug//libmetal.a(libriscv__mmachine__sifive-hifive1_a-clock.o)
 .debug_abbrev  0x0000000000001819      0x1ff /scratch/haotianw/freedom-e-sdk/bsp/sifive-hifive1/install/lib/debug//libmetal.a(libriscv__mmachine__sifive-hifive1_a-shutdown.o)
 .debug_abbrev  0x0000000000001a18      0x105 /scratch/haotianw/freedom-e-sdk/bsp/sifive-hifive1/install/lib/debug//libmetal.a(libriscv__mmachine__sifive-hifive1_a-uart.o)
 .debug_abbrev  0x0000000000001b1d       0x14 /scratch/haotianw/freedom-e-sdk/bsp/sifive-hifive1/install/lib/debug//libmetal-gloss.a(crt0.o)
 .debug_abbrev  0x0000000000001b31      0x1e7 /scratch/haotianw/freedom-e-sdk/bsp/sifive-hifive1/install/lib/debug//libmetal-gloss.a(sys_close.o)
 .debug_abbrev  0x0000000000001d18      0x1fa /scratch/haotianw/freedom-e-sdk/bsp/sifive-hifive1/install/lib/debug//libmetal-gloss.a(sys_fstat.o)
 .debug_abbrev  0x0000000000001f12       0x73 /scratch/haotianw/freedom-e-sdk/bsp/sifive-hifive1/install/lib/debug//libmetal-gloss.a(sys_isatty.o)
 .debug_abbrev  0x0000000000001f85      0x1f8 /scratch/haotianw/freedom-e-sdk/bsp/sifive-hifive1/install/lib/debug//libmetal-gloss.a(sys_lseek.o)
 .debug_abbrev  0x000000000000217d      0x1f8 /scratch/haotianw/freedom-e-sdk/bsp/sifive-hifive1/install/lib/debug//libmetal-gloss.a(sys_read.o)
 .debug_abbrev  0x0000000000002375       0xb8 /scratch/haotianw/freedom-e-sdk/bsp/sifive-hifive1/install/lib/debug//libmetal-gloss.a(sys_sbrk.o)
 .debug_abbrev  0x000000000000242d      0x22a /scratch/haotianw/freedom-e-sdk/bsp/sifive-hifive1/install/lib/debug//libmetal-gloss.a(sys_write.o)
 .debug_abbrev  0x0000000000002657      0x1f9 /scratch/haotianw/freedom-e-sdk/bsp/sifive-hifive1/install/lib/debug//libmetal.a(libriscv__mmachine__sifive-hifive1_a-tty.o)
 .debug_abbrev  0x0000000000002850       0x4d /scratch/haotianw/freedom-e-sdk/bsp/sifive-hifive1/install/lib/debug//libmetal-gloss.a(sys_exit.o)

.debug_aranges  0x0000000000000000      0x6d0
 .debug_aranges
                0x0000000000000000       0x20 /tmp/ccUAB68z.o
 .debug_aranges
                0x0000000000000020       0x30 /scratch/haotianw/freedom-e-sdk/bsp/sifive-hifive1/install/lib/debug//libmetal.a(libriscv__mmachine__sifive-hifive1_a-entry.o)
 .debug_aranges
                0x0000000000000050       0x40 /scratch/haotianw/freedom-e-sdk/bsp/sifive-hifive1/install/lib/debug//libmetal.a(libriscv__mmachine__sifive-hifive1_a-spi.o)
 .debug_aranges
                0x0000000000000090       0x28 /scratch/haotianw/freedom-e-sdk/bsp/sifive-hifive1/install/lib/debug//libmetal.a(libriscv__mmachine__sifive-hifive1_a-fixed-clock.o)
 .debug_aranges
                0x00000000000000b8       0x50 /scratch/haotianw/freedom-e-sdk/bsp/sifive-hifive1/install/lib/debug//libmetal.a(libriscv__mmachine__sifive-hifive1_a-riscv,clint0.o)
 .debug_aranges
                0x0000000000000108      0x198 /scratch/haotianw/freedom-e-sdk/bsp/sifive-hifive1/install/lib/debug//libmetal.a(libriscv__mmachine__sifive-hifive1_a-riscv,cpu.o)
 .debug_aranges
                0x00000000000002a0       0x70 /scratch/haotianw/freedom-e-sdk/bsp/sifive-hifive1/install/lib/debug//libmetal.a(libriscv__mmachine__sifive-hifive1_a-riscv,plic0.o)
 .debug_aranges
                0x0000000000000310       0x28 /scratch/haotianw/freedom-e-sdk/bsp/sifive-hifive1/install/lib/debug//libmetal.a(libriscv__mmachine__sifive-hifive1_a-sifive,fe310-g000,hfrosc.o)
 .debug_aranges
                0x0000000000000338       0x28 /scratch/haotianw/freedom-e-sdk/bsp/sifive-hifive1/install/lib/debug//libmetal.a(libriscv__mmachine__sifive-hifive1_a-sifive,fe310-g000,hfxosc.o)
 .debug_aranges
                0x0000000000000360       0x58 /scratch/haotianw/freedom-e-sdk/bsp/sifive-hifive1/install/lib/debug//libmetal.a(libriscv__mmachine__sifive-hifive1_a-sifive,fe310-g000,pll.o)
 .debug_aranges
                0x00000000000003b8       0x28 /scratch/haotianw/freedom-e-sdk/bsp/sifive-hifive1/install/lib/debug//libmetal.a(libriscv__mmachine__sifive-hifive1_a-sifive,fe310-g000,prci.o)
 .debug_aranges
                0x00000000000003e0       0x50 /scratch/haotianw/freedom-e-sdk/bsp/sifive-hifive1/install/lib/debug//libmetal.a(libriscv__mmachine__sifive-hifive1_a-sifive,gpio0.o)
 .debug_aranges
                0x0000000000000430       0x50 /scratch/haotianw/freedom-e-sdk/bsp/sifive-hifive1/install/lib/debug//libmetal.a(libriscv__mmachine__sifive-hifive1_a-sifive,spi0.o)
 .debug_aranges
                0x0000000000000480       0x60 /scratch/haotianw/freedom-e-sdk/bsp/sifive-hifive1/install/lib/debug//libmetal.a(libriscv__mmachine__sifive-hifive1_a-sifive,uart0.o)
 .debug_aranges
                0x00000000000004e0       0x38 /scratch/haotianw/freedom-e-sdk/bsp/sifive-hifive1/install/lib/debug//libmetal.a(libriscv__mmachine__sifive-hifive1_a-clock.o)
 .debug_aranges
                0x0000000000000518       0x28 /scratch/haotianw/freedom-e-sdk/bsp/sifive-hifive1/install/lib/debug//libmetal.a(libriscv__mmachine__sifive-hifive1_a-shutdown.o)
 .debug_aranges
                0x0000000000000540       0x40 /scratch/haotianw/freedom-e-sdk/bsp/sifive-hifive1/install/lib/debug//libmetal.a(libriscv__mmachine__sifive-hifive1_a-uart.o)
 .debug_aranges
                0x0000000000000580       0x20 /scratch/haotianw/freedom-e-sdk/bsp/sifive-hifive1/install/lib/debug//libmetal-gloss.a(crt0.o)
 .debug_aranges
                0x00000000000005a0       0x20 /scratch/haotianw/freedom-e-sdk/bsp/sifive-hifive1/install/lib/debug//libmetal-gloss.a(sys_close.o)
 .debug_aranges
                0x00000000000005c0       0x20 /scratch/haotianw/freedom-e-sdk/bsp/sifive-hifive1/install/lib/debug//libmetal-gloss.a(sys_fstat.o)
 .debug_aranges
                0x00000000000005e0       0x20 /scratch/haotianw/freedom-e-sdk/bsp/sifive-hifive1/install/lib/debug//libmetal-gloss.a(sys_isatty.o)
 .debug_aranges
                0x0000000000000600       0x20 /scratch/haotianw/freedom-e-sdk/bsp/sifive-hifive1/install/lib/debug//libmetal-gloss.a(sys_lseek.o)
 .debug_aranges
                0x0000000000000620       0x20 /scratch/haotianw/freedom-e-sdk/bsp/sifive-hifive1/install/lib/debug//libmetal-gloss.a(sys_read.o)
 .debug_aranges
                0x0000000000000640       0x28 /scratch/haotianw/freedom-e-sdk/bsp/sifive-hifive1/install/lib/debug//libmetal-gloss.a(sys_sbrk.o)
 .debug_aranges
                0x0000000000000668       0x20 /scratch/haotianw/freedom-e-sdk/bsp/sifive-hifive1/install/lib/debug//libmetal-gloss.a(sys_write.o)
 .debug_aranges
                0x0000000000000688       0x28 /scratch/haotianw/freedom-e-sdk/bsp/sifive-hifive1/install/lib/debug//libmetal.a(libriscv__mmachine__sifive-hifive1_a-tty.o)
 .debug_aranges
                0x00000000000006b0       0x20 /scratch/haotianw/freedom-e-sdk/bsp/sifive-hifive1/install/lib/debug//libmetal-gloss.a(sys_exit.o)

.debug_ranges   0x0000000000000000      0x518
 .debug_ranges  0x0000000000000000       0x10 /tmp/ccUAB68z.o
 .debug_ranges  0x0000000000000010       0x28 /scratch/haotianw/freedom-e-sdk/bsp/sifive-hifive1/install/lib/debug//libmetal.a(libriscv__mmachine__sifive-hifive1_a-entry.o)
 .debug_ranges  0x0000000000000038       0x30 /scratch/haotianw/freedom-e-sdk/bsp/sifive-hifive1/install/lib/debug//libmetal.a(libriscv__mmachine__sifive-hifive1_a-spi.o)
 .debug_ranges  0x0000000000000068       0x18 /scratch/haotianw/freedom-e-sdk/bsp/sifive-hifive1/install/lib/debug//libmetal.a(libriscv__mmachine__sifive-hifive1_a-fixed-clock.o)
 .debug_ranges  0x0000000000000080       0x40 /scratch/haotianw/freedom-e-sdk/bsp/sifive-hifive1/install/lib/debug//libmetal.a(libriscv__mmachine__sifive-hifive1_a-riscv,clint0.o)
 .debug_ranges  0x00000000000000c0      0x188 /scratch/haotianw/freedom-e-sdk/bsp/sifive-hifive1/install/lib/debug//libmetal.a(libriscv__mmachine__sifive-hifive1_a-riscv,cpu.o)
 .debug_ranges  0x0000000000000248       0x60 /scratch/haotianw/freedom-e-sdk/bsp/sifive-hifive1/install/lib/debug//libmetal.a(libriscv__mmachine__sifive-hifive1_a-riscv,plic0.o)
 .debug_ranges  0x00000000000002a8       0x18 /scratch/haotianw/freedom-e-sdk/bsp/sifive-hifive1/install/lib/debug//libmetal.a(libriscv__mmachine__sifive-hifive1_a-sifive,fe310-g000,hfrosc.o)
 .debug_ranges  0x00000000000002c0       0x18 /scratch/haotianw/freedom-e-sdk/bsp/sifive-hifive1/install/lib/debug//libmetal.a(libriscv__mmachine__sifive-hifive1_a-sifive,fe310-g000,hfxosc.o)
 .debug_ranges  0x00000000000002d8       0x48 /scratch/haotianw/freedom-e-sdk/bsp/sifive-hifive1/install/lib/debug//libmetal.a(libriscv__mmachine__sifive-hifive1_a-sifive,fe310-g000,pll.o)
 .debug_ranges  0x0000000000000320       0x18 /scratch/haotianw/freedom-e-sdk/bsp/sifive-hifive1/install/lib/debug//libmetal.a(libriscv__mmachine__sifive-hifive1_a-sifive,fe310-g000,prci.o)
 .debug_ranges  0x0000000000000338       0x40 /scratch/haotianw/freedom-e-sdk/bsp/sifive-hifive1/install/lib/debug//libmetal.a(libriscv__mmachine__sifive-hifive1_a-sifive,gpio0.o)
 .debug_ranges  0x0000000000000378       0x40 /scratch/haotianw/freedom-e-sdk/bsp/sifive-hifive1/install/lib/debug//libmetal.a(libriscv__mmachine__sifive-hifive1_a-sifive,spi0.o)
 .debug_ranges  0x00000000000003b8       0x50 /scratch/haotianw/freedom-e-sdk/bsp/sifive-hifive1/install/lib/debug//libmetal.a(libriscv__mmachine__sifive-hifive1_a-sifive,uart0.o)
 .debug_ranges  0x0000000000000408       0x28 /scratch/haotianw/freedom-e-sdk/bsp/sifive-hifive1/install/lib/debug//libmetal.a(libriscv__mmachine__sifive-hifive1_a-clock.o)
 .debug_ranges  0x0000000000000430       0x18 /scratch/haotianw/freedom-e-sdk/bsp/sifive-hifive1/install/lib/debug//libmetal.a(libriscv__mmachine__sifive-hifive1_a-shutdown.o)
 .debug_ranges  0x0000000000000448       0x30 /scratch/haotianw/freedom-e-sdk/bsp/sifive-hifive1/install/lib/debug//libmetal.a(libriscv__mmachine__sifive-hifive1_a-uart.o)
 .debug_ranges  0x0000000000000478       0x10 /scratch/haotianw/freedom-e-sdk/bsp/sifive-hifive1/install/lib/debug//libmetal-gloss.a(sys_close.o)
 .debug_ranges  0x0000000000000488       0x10 /scratch/haotianw/freedom-e-sdk/bsp/sifive-hifive1/install/lib/debug//libmetal-gloss.a(sys_fstat.o)
 .debug_ranges  0x0000000000000498       0x10 /scratch/haotianw/freedom-e-sdk/bsp/sifive-hifive1/install/lib/debug//libmetal-gloss.a(sys_isatty.o)
 .debug_ranges  0x00000000000004a8       0x10 /scratch/haotianw/freedom-e-sdk/bsp/sifive-hifive1/install/lib/debug//libmetal-gloss.a(sys_lseek.o)
 .debug_ranges  0x00000000000004b8       0x10 /scratch/haotianw/freedom-e-sdk/bsp/sifive-hifive1/install/lib/debug//libmetal-gloss.a(sys_read.o)
 .debug_ranges  0x00000000000004c8       0x18 /scratch/haotianw/freedom-e-sdk/bsp/sifive-hifive1/install/lib/debug//libmetal-gloss.a(sys_sbrk.o)
 .debug_ranges  0x00000000000004e0       0x10 /scratch/haotianw/freedom-e-sdk/bsp/sifive-hifive1/install/lib/debug//libmetal-gloss.a(sys_write.o)
 .debug_ranges  0x00000000000004f0       0x18 /scratch/haotianw/freedom-e-sdk/bsp/sifive-hifive1/install/lib/debug//libmetal.a(libriscv__mmachine__sifive-hifive1_a-tty.o)
 .debug_ranges  0x0000000000000508       0x10 /scratch/haotianw/freedom-e-sdk/bsp/sifive-hifive1/install/lib/debug//libmetal-gloss.a(sys_exit.o)

.debug_line     0x0000000000000000     0x5959
 .debug_line    0x0000000000000000      0x1a6 /tmp/ccUAB68z.o
 .debug_line    0x00000000000001a6       0xf2 /scratch/haotianw/freedom-e-sdk/bsp/sifive-hifive1/install/lib/debug//libmetal.a(libriscv__mmachine__sifive-hifive1_a-entry.o)
 .debug_line    0x0000000000000298      0x433 /scratch/haotianw/freedom-e-sdk/bsp/sifive-hifive1/install/lib/debug//libmetal.a(libriscv__mmachine__sifive-hifive1_a-spi.o)
 .debug_line    0x00000000000006cb      0x13e /scratch/haotianw/freedom-e-sdk/bsp/sifive-hifive1/install/lib/debug//libmetal.a(libriscv__mmachine__sifive-hifive1_a-fixed-clock.o)
 .debug_line    0x0000000000000809      0x566 /scratch/haotianw/freedom-e-sdk/bsp/sifive-hifive1/install/lib/debug//libmetal.a(libriscv__mmachine__sifive-hifive1_a-riscv,clint0.o)
 .debug_line    0x0000000000000d6f     0x11e5 /scratch/haotianw/freedom-e-sdk/bsp/sifive-hifive1/install/lib/debug//libmetal.a(libriscv__mmachine__sifive-hifive1_a-riscv,cpu.o)
 .debug_line    0x0000000000001f54      0x5b9 /scratch/haotianw/freedom-e-sdk/bsp/sifive-hifive1/install/lib/debug//libmetal.a(libriscv__mmachine__sifive-hifive1_a-riscv,plic0.o)
 .debug_line    0x000000000000250d      0x1ae /scratch/haotianw/freedom-e-sdk/bsp/sifive-hifive1/install/lib/debug//libmetal.a(libriscv__mmachine__sifive-hifive1_a-sifive,fe310-g000,hfrosc.o)
 .debug_line    0x00000000000026bb      0x196 /scratch/haotianw/freedom-e-sdk/bsp/sifive-hifive1/install/lib/debug//libmetal.a(libriscv__mmachine__sifive-hifive1_a-sifive,fe310-g000,hfxosc.o)
 .debug_line    0x0000000000002851      0x98c /scratch/haotianw/freedom-e-sdk/bsp/sifive-hifive1/install/lib/debug//libmetal.a(libriscv__mmachine__sifive-hifive1_a-sifive,fe310-g000,pll.o)
 .debug_line    0x00000000000031dd      0x152 /scratch/haotianw/freedom-e-sdk/bsp/sifive-hifive1/install/lib/debug//libmetal.a(libriscv__mmachine__sifive-hifive1_a-sifive,fe310-g000,prci.o)
 .debug_line    0x000000000000332f      0x324 /scratch/haotianw/freedom-e-sdk/bsp/sifive-hifive1/install/lib/debug//libmetal.a(libriscv__mmachine__sifive-hifive1_a-sifive,gpio0.o)
 .debug_line    0x0000000000003653      0x775 /scratch/haotianw/freedom-e-sdk/bsp/sifive-hifive1/install/lib/debug//libmetal.a(libriscv__mmachine__sifive-hifive1_a-sifive,spi0.o)
 .debug_line    0x0000000000003dc8      0x63a /scratch/haotianw/freedom-e-sdk/bsp/sifive-hifive1/install/lib/debug//libmetal.a(libriscv__mmachine__sifive-hifive1_a-sifive,uart0.o)
 .debug_line    0x0000000000004402      0x15f /scratch/haotianw/freedom-e-sdk/bsp/sifive-hifive1/install/lib/debug//libmetal.a(libriscv__mmachine__sifive-hifive1_a-clock.o)
 .debug_line    0x0000000000004561      0x392 /scratch/haotianw/freedom-e-sdk/bsp/sifive-hifive1/install/lib/debug//libmetal.a(libriscv__mmachine__sifive-hifive1_a-shutdown.o)
 .debug_line    0x00000000000048f3      0x166 /scratch/haotianw/freedom-e-sdk/bsp/sifive-hifive1/install/lib/debug//libmetal.a(libriscv__mmachine__sifive-hifive1_a-uart.o)
 .debug_line    0x0000000000004a59      0x19d /scratch/haotianw/freedom-e-sdk/bsp/sifive-hifive1/install/lib/debug//libmetal-gloss.a(crt0.o)
 .debug_line    0x0000000000004bf6      0x13e /scratch/haotianw/freedom-e-sdk/bsp/sifive-hifive1/install/lib/debug//libmetal-gloss.a(sys_close.o)
 .debug_line    0x0000000000004d34      0x1eb /scratch/haotianw/freedom-e-sdk/bsp/sifive-hifive1/install/lib/debug//libmetal-gloss.a(sys_fstat.o)
 .debug_line    0x0000000000004f1f       0xc3 /scratch/haotianw/freedom-e-sdk/bsp/sifive-hifive1/install/lib/debug//libmetal-gloss.a(sys_isatty.o)
 .debug_line    0x0000000000004fe2      0x149 /scratch/haotianw/freedom-e-sdk/bsp/sifive-hifive1/install/lib/debug//libmetal-gloss.a(sys_lseek.o)
 .debug_line    0x000000000000512b      0x148 /scratch/haotianw/freedom-e-sdk/bsp/sifive-hifive1/install/lib/debug//libmetal-gloss.a(sys_read.o)
 .debug_line    0x0000000000005273      0x12b /scratch/haotianw/freedom-e-sdk/bsp/sifive-hifive1/install/lib/debug//libmetal-gloss.a(sys_sbrk.o)
 .debug_line    0x000000000000539e      0x1ab /scratch/haotianw/freedom-e-sdk/bsp/sifive-hifive1/install/lib/debug//libmetal-gloss.a(sys_write.o)
 .debug_line    0x0000000000005549      0x399 /scratch/haotianw/freedom-e-sdk/bsp/sifive-hifive1/install/lib/debug//libmetal.a(libriscv__mmachine__sifive-hifive1_a-tty.o)
 .debug_line    0x00000000000058e2       0x77 /scratch/haotianw/freedom-e-sdk/bsp/sifive-hifive1/install/lib/debug//libmetal-gloss.a(sys_exit.o)

.debug_str      0x0000000000000000     0x2e54
 .debug_str     0x0000000000000000      0x559 /tmp/ccUAB68z.o
                                        0x614 (size before relaxing)
 .debug_str     0x0000000000000559       0x85 /scratch/haotianw/freedom-e-sdk/bsp/sifive-hifive1/install/lib/debug//libmetal.a(libriscv__mmachine__sifive-hifive1_a-entry.o)
 .debug_str     0x00000000000005de      0xabb /scratch/haotianw/freedom-e-sdk/bsp/sifive-hifive1/install/lib/debug//libmetal.a(libriscv__mmachine__sifive-hifive1_a-spi.o)
                                        0xef1 (size before relaxing)
 .debug_str     0x0000000000001099       0xa5 /scratch/haotianw/freedom-e-sdk/bsp/sifive-hifive1/install/lib/debug//libmetal.a(libriscv__mmachine__sifive-hifive1_a-fixed-clock.o)
                                        0x2c0 (size before relaxing)
 .debug_str     0x000000000000113e      0x1fe /scratch/haotianw/freedom-e-sdk/bsp/sifive-hifive1/install/lib/debug//libmetal.a(libriscv__mmachine__sifive-hifive1_a-riscv,clint0.o)
                                        0x6d0 (size before relaxing)
 .debug_str     0x000000000000133c      0xaf8 /scratch/haotianw/freedom-e-sdk/bsp/sifive-hifive1/install/lib/debug//libmetal.a(libriscv__mmachine__sifive-hifive1_a-riscv,cpu.o)
                                       0x1a06 (size before relaxing)
 .debug_str     0x0000000000001e34      0x19d /scratch/haotianw/freedom-e-sdk/bsp/sifive-hifive1/install/lib/debug//libmetal.a(libriscv__mmachine__sifive-hifive1_a-riscv,plic0.o)
                                        0x70a (size before relaxing)
 .debug_str     0x0000000000001fd1       0xbd /scratch/haotianw/freedom-e-sdk/bsp/sifive-hifive1/install/lib/debug//libmetal.a(libriscv__mmachine__sifive-hifive1_a-sifive,fe310-g000,hfrosc.o)
                                        0x39a (size before relaxing)
 .debug_str     0x000000000000208e       0xbd /scratch/haotianw/freedom-e-sdk/bsp/sifive-hifive1/install/lib/debug//libmetal.a(libriscv__mmachine__sifive-hifive1_a-sifive,fe310-g000,hfxosc.o)
                                        0x39a (size before relaxing)
 .debug_str     0x000000000000214b      0x206 /scratch/haotianw/freedom-e-sdk/bsp/sifive-hifive1/install/lib/debug//libmetal.a(libriscv__mmachine__sifive-hifive1_a-sifive,fe310-g000,pll.o)
                                       0x1442 (size before relaxing)
 .debug_str     0x0000000000002351       0xaf /scratch/haotianw/freedom-e-sdk/bsp/sifive-hifive1/install/lib/debug//libmetal.a(libriscv__mmachine__sifive-hifive1_a-sifive,fe310-g000,prci.o)
                                        0x21f (size before relaxing)
 .debug_str     0x0000000000002400      0x172 /scratch/haotianw/freedom-e-sdk/bsp/sifive-hifive1/install/lib/debug//libmetal.a(libriscv__mmachine__sifive-hifive1_a-sifive,gpio0.o)
                                        0x369 (size before relaxing)
 .debug_str     0x0000000000002572      0x103 /scratch/haotianw/freedom-e-sdk/bsp/sifive-hifive1/install/lib/debug//libmetal.a(libriscv__mmachine__sifive-hifive1_a-sifive,spi0.o)
                                        0x5cc (size before relaxing)
 .debug_str     0x0000000000002675      0x197 /scratch/haotianw/freedom-e-sdk/bsp/sifive-hifive1/install/lib/debug//libmetal.a(libriscv__mmachine__sifive-hifive1_a-sifive,uart0.o)
                                        0xb45 (size before relaxing)
 .debug_str     0x000000000000280c       0xc7 /scratch/haotianw/freedom-e-sdk/bsp/sifive-hifive1/install/lib/debug//libmetal.a(libriscv__mmachine__sifive-hifive1_a-clock.o)
                                        0x29f (size before relaxing)
 .debug_str     0x00000000000028d3       0x7c /scratch/haotianw/freedom-e-sdk/bsp/sifive-hifive1/install/lib/debug//libmetal.a(libriscv__mmachine__sifive-hifive1_a-shutdown.o)
                                        0xec7 (size before relaxing)
 .debug_str     0x000000000000294f       0x9b /scratch/haotianw/freedom-e-sdk/bsp/sifive-hifive1/install/lib/debug//libmetal.a(libriscv__mmachine__sifive-hifive1_a-uart.o)
                                        0x33f (size before relaxing)
 .debug_str     0x00000000000029ea       0x3b /scratch/haotianw/freedom-e-sdk/bsp/sifive-hifive1/install/lib/debug//libmetal-gloss.a(crt0.o)
                                         0x86 (size before relaxing)
 .debug_str     0x0000000000002a25       0x57 /scratch/haotianw/freedom-e-sdk/bsp/sifive-hifive1/install/lib/debug//libmetal-gloss.a(sys_close.o)
                                        0x57d (size before relaxing)
 .debug_str     0x0000000000002a7c      0x161 /scratch/haotianw/freedom-e-sdk/bsp/sifive-hifive1/install/lib/debug//libmetal-gloss.a(sys_fstat.o)
                                        0x6ee (size before relaxing)
 .debug_str     0x0000000000002bdd       0x6f /scratch/haotianw/freedom-e-sdk/bsp/sifive-hifive1/install/lib/debug//libmetal-gloss.a(sys_isatty.o)
                                        0x1b4 (size before relaxing)